<html>
<body>
<pre>
<h1>µVision3 Build Log</h1>
<h2>Project:</h2>
E:\1768\tongxun\CAN.uv2
Project File Date:  02/28/2012

<h2>Output:</h2>
Build target 'FLASH'
assembling startup_LPC17xx.s...
compiling system_LPC17xx.c...
compiling main.c...
linking...
Program Size: Code=3220 RO-data=228 RW-data=564 ZI-data=2348  
FromELF: creating hex file...
".\FLASH\CAN.axf" - 0 Error(s), 0 Warning(s).
Load "E:\\1768\\tongxun\\FLASH\\CAN.AXF" 
Cannot enter Debug Mode
Build target 'FLASH'
assembling startup_LPC17xx.s...
compiling system_LPC17xx.c...
compiling main.c...
linking...
Program Size: Code=3220 RO-data=228 RW-data=564 ZI-data=2348  
FromELF: creating hex file...
".\FLASH\CAN.axf" - 0 Error(s), 0 Warning(s).
Load "E:\\1768\\tongxun\\FLASH\\CAN.AXF" 
Cannot enter Debug Mode
Build target 'FLASH'
assembling startup_LPC17xx.s...
compiling system_LPC17xx.c...
compiling main.c...
linking...
Program Size: Code=3220 RO-data=228 RW-data=564 ZI-data=2348  
FromELF: creating hex file...
".\FLASH\CAN.axf" - 0 Error(s), 0 Warning(s).
Load "E:\\1768\\tongxun\\FLASH\\CAN.AXF" 
