<html>
<body>
<pre>
<h1>礦ision Build Log</h1>
<h2>Project:</h2>
E:\program\ARM\program\V4\M0标准版\V4ARM2207050101(在0616基础上把默认温度电阻的范围给大，并增加上位机防死机机制\CAN.uvproj
Project File Date:  07/05/2022

<h2>Output:</h2>
Rebuild target 'Smart_APF_V4.2'
assembling startup_LPC17xx.s...
compiling system_LPC17xx.c...
compiling main.c...
ssp.c(225): warning:  #550-D: variable "temp" was set but never used
                uint16 temp;
ssp.c(374): warning:  #550-D: variable "temp" was set but never used
        uint16  temp;
main.c(2366): warning:  #550-D: variable "tmp" was set but never used
        uint32 j,tmp;
main.c(2544): warning:  #550-D: variable "tmp" was set but never used
        uint32 i,tmp;
main.c(2670): warning:  #550-D: variable "tmp" was set but never used
        uint32 j,tmp;
main.c: 5 warnings, 0 errors
linking...
Program Size: Code=177140 RO-data=532 RW-data=1868 ZI-data=37536  
FromELF: creating hex file...
".\FLASH\test.axf" - 0 Error(s), 5 Warning(s).
</pre>
</body>
</html>
