ARM Linker, RVCT4.0 [Build 524] for uVision [Standard]

==============================================================================

Section Cross References

    startup_lpc17xx.o(STACK) refers (Special) to heapauxi.o(.text) for __use_two_region_memory
    startup_lpc17xx.o(HEAP) refers (Special) to heapauxi.o(.text) for __use_two_region_memory
    startup_lpc17xx.o(RESET) refers (Special) to heapauxi.o(.text) for __use_two_region_memory
    startup_lpc17xx.o(RESET) refers to startup_lpc17xx.o(STACK) for __initial_sp
    startup_lpc17xx.o(RESET) refers to startup_lpc17xx.o(.text) for Reset_Handler
    startup_lpc17xx.o(RESET) refers to main.o(.text) for UART0_IRQHandler
    startup_lpc17xx.o(.ARM.__at_0x02FC) refers (Special) to heapauxi.o(.text) for __use_two_region_memory
    startup_lpc17xx.o(.text) refers (Special) to heapauxi.o(.text) for __use_two_region_memory
    startup_lpc17xx.o(.text) refers to __main.o(!!!main) for __main
    startup_lpc17xx.o(.text) refers to startup_lpc17xx.o(HEAP) for Heap_Mem
    startup_lpc17xx.o(.text) refers to startup_lpc17xx.o(STACK) for Stack_Mem
    system_lpc17xx.o(.text) refers to system_lpc17xx.o(.data) for SystemFrequency
    main.o(.text) refers to main.o(.bss) for ssp0
    main.o(.text) refers to main.o(.data) for pointer16
    main.o(.text) refers to ddiv.o(x$fpl$ddiv) for __aeabi_ddiv
    main.o(.text) refers to dfixu.o(x$fpl$dfixu) for __aeabi_d2uiz
    main.o(.text) refers to rt_memcpy_w.o(.text) for __aeabi_memcpy4
    main.o(.text) refers to daddsub_clz.o(x$fpl$dadd) for __aeabi_dadd
    main.o(.text) refers to dflt_clz.o(x$fpl$dfltu) for __aeabi_ui2d
    main.o(.text) refers to dmul.o(x$fpl$dmul) for __aeabi_dmul
    main.o(.text) refers to system_lpc17xx.o(.data) for SystemFrequency
    main.o(.text) refers to fflt_clz.o(x$fpl$fflt) for __aeabi_i2f
    main.o(.text) refers to f2d.o(x$fpl$f2d) for __aeabi_f2d
    main.o(.text) refers to dflt_clz.o(x$fpl$dflt) for __aeabi_i2d
    main.o(.text) refers to fflt_clz.o(x$fpl$ffltu) for __aeabi_ui2f
    main.o(.text) refers to ffix.o(x$fpl$ffix) for __aeabi_f2iz
    main.o(.text) refers to fmul.o(x$fpl$fmul) for __aeabi_fmul
    main.o(.text) refers to d2f.o(x$fpl$d2f) for __aeabi_d2f
    main.o(.text) refers to drleqf.o(x$fpl$drleqf) for __aeabi_cdrcmple
    main.o(.text) refers to fdiv.o(x$fpl$fdiv) for __aeabi_fdiv
    main.o(.text) refers to faddsub_clz.o(x$fpl$fadd) for __aeabi_fadd
    main.o(.text) refers to sqrt.o(i.sqrt) for sqrt
    main.o(.text) refers to ffixu.o(x$fpl$ffixu) for __aeabi_f2uiz
    main.o(.text) refers to frleqf.o(x$fpl$frleqf) for __aeabi_cfrcmple
    main.o(.text) refers to faddsub_clz.o(x$fpl$fsub) for __aeabi_fsub
    main.o(.text) refers to daddsub_clz.o(x$fpl$dsub) for __aeabi_dsub
    main.o(.text) refers to sin.o(i.sin) for sin
    main.o(.text) refers to system_lpc17xx.o(.text) for SystemInit
    main.o(.text) refers to dleqf.o(x$fpl$dleqf) for __aeabi_cdcmple
    __main.o(!!!main) refers to rtentry.o(.ARM.Collect$$rtentry$$00000000) for __rt_entry
    d2f.o(x$fpl$d2f) refers (Special) to usenofp.o(x$fpl$usenofp) for __I$use$fp
    d2f.o(x$fpl$d2f) refers (Special) to funder.o(x$fpl$funder) for __funder
    d2f.o(x$fpl$d2f) refers to dcheck1.o(x$fpl$dcheck1) for __fpl_dcheck_NaN1
    daddsub_clz.o(x$fpl$dadd) refers (Special) to usenofp.o(x$fpl$usenofp) for __I$use$fp
    daddsub_clz.o(x$fpl$dadd) refers (Special) to dunder.o(x$fpl$dunder) for __dunder
    daddsub_clz.o(x$fpl$dadd) refers to daddsub_clz.o(x$fpl$dsub) for _dsub1
    daddsub_clz.o(x$fpl$dadd) refers to dcheck.o(x$fpl$dcheck) for __fpl_dcheck_NaN2
    daddsub_clz.o(x$fpl$drsb) refers (Special) to usenofp.o(x$fpl$usenofp) for __I$use$fp
    daddsub_clz.o(x$fpl$drsb) refers (Special) to dunder.o(x$fpl$dunder) for __dunder
    daddsub_clz.o(x$fpl$drsb) refers to daddsub_clz.o(x$fpl$dadd) for _dadd1
    daddsub_clz.o(x$fpl$drsb) refers to daddsub_clz.o(x$fpl$dsub) for _dsub1
    daddsub_clz.o(x$fpl$dsub) refers (Special) to usenofp.o(x$fpl$usenofp) for __I$use$fp
    daddsub_clz.o(x$fpl$dsub) refers (Special) to dunder.o(x$fpl$dunder) for __dunder
    daddsub_clz.o(x$fpl$dsub) refers to daddsub_clz.o(x$fpl$dadd) for _dadd1
    daddsub_clz.o(x$fpl$dsub) refers to dcheck.o(x$fpl$dcheck) for __fpl_dcheck_NaN2
    ddiv.o(x$fpl$drdiv) refers (Special) to usenofp.o(x$fpl$usenofp) for __I$use$fp
    ddiv.o(x$fpl$drdiv) refers (Special) to dunder.o(x$fpl$dunder) for __dunder
    ddiv.o(x$fpl$drdiv) refers to ddiv.o(x$fpl$ddiv) for ddiv_entry
    ddiv.o(x$fpl$ddiv) refers (Special) to usenofp.o(x$fpl$usenofp) for __I$use$fp
    ddiv.o(x$fpl$ddiv) refers (Special) to dunder.o(x$fpl$dunder) for __dunder
    ddiv.o(x$fpl$ddiv) refers to dcheck.o(x$fpl$dcheck) for __fpl_dcheck_NaN2
    dfixu.o(x$fpl$dfixu) refers (Special) to usenofp.o(x$fpl$usenofp) for __I$use$fp
    dfixu.o(x$fpl$dfixu) refers to dcheck1.o(x$fpl$dcheck1) for __fpl_dcheck_NaN1
[...]
    rt_errno_addr_intlibspace.o(.text) refers to libspace.o(.bss) for __libspace_start
    dfix.o(x$fpl$dfix) refers (Special) to usenofp.o(x$fpl$usenofp) for __I$use$fp
    dfix.o(x$fpl$dfix) refers to dcheck1.o(x$fpl$dcheck1) for __fpl_dcheck_NaN1
    dfix.o(x$fpl$dfixr) refers (Special) to usenofp.o(x$fpl$usenofp) for __I$use$fp
    dfix.o(x$fpl$dfixr) refers to dcheck1.o(x$fpl$dcheck1) for __fpl_dcheck_NaN1
    drem_clz.o(x$fpl$drem) refers (Special) to usenofp.o(x$fpl$usenofp) for __I$use$fp
    drem_clz.o(x$fpl$drem) refers (Special) to dunder.o(x$fpl$dunder) for __dunder
    drem_clz.o(x$fpl$drem) refers to dcheck.o(x$fpl$dcheck) for __fpl_dcheck_NaN2
    retnan.o(x$fpl$retnan) refers (Special) to usenofp.o(x$fpl$usenofp) for __I$use$fp
    retnan.o(x$fpl$retnan) refers to trapv.o(x$fpl$trapveneer) for __fpl_cmpreturn
    trapv.o(x$fpl$trapveneer) refers (Special) to usenofp.o(x$fpl$usenofp) for __I$use$fp
    poly.o(i.__kernel_poly) refers (Special) to usenofp.o(x$fpl$usenofp) for __I$use$fp
    poly.o(i.__kernel_poly) refers to dmul.o(x$fpl$dmul) for __aeabi_dmul
    poly.o(i.__kernel_poly) refers to daddsub_clz.o(x$fpl$dadd) for __aeabi_dadd
    libspace.o(.text) refers to libspace.o(.bss) for __libspace_start
    sys_stackheap_outer.o(.text) refers to libspace.o(.text) for __user_perproc_libspace
    sys_stackheap_outer.o(.text) refers to startup_lpc17xx.o(.text) for __user_initial_stackheap
    exit.o(.text) refers to rtexit.o(.ARM.Collect$$rtexit$$00000000) for __rt_exit
    libinit.o(.ARM.Collect$$libinit$$00000000) refers (Special) to libinit2.o(.ARM.Collect$$libinit$$0000002A) for __rt_lib_init_alloca_1
    libinit.o(.ARM.Collect$$libinit$$00000000) refers (Special) to libinit2.o(.ARM.Collect$$libinit$$00000028) for __rt_lib_init_argv_1
    libinit.o(.ARM.Collect$$libinit$$00000000) refers (Special) to libinit2.o(.ARM.Collect$$libinit$$00000017) for __rt_lib_init_atexit_1
    libinit.o(.ARM.Collect$$libinit$$00000000) refers (Special) to libinit2.o(.ARM.Collect$$libinit$$0000001D) for __rt_lib_init_clock_1
    libinit.o(.ARM.Collect$$libinit$$00000000) refers (Special) to libinit2.o(.ARM.Collect$$libinit$$0000002E) for __rt_lib_init_cpp_1
    libinit.o(.ARM.Collect$$libinit$$00000000) refers (Special) to libinit2.o(.ARM.Collect$$libinit$$0000002C) for __rt_lib_init_exceptions_1
    libinit.o(.ARM.Collect$$libinit$$00000000) refers (Special) to libinit2.o(.ARM.Collect$$libinit$$0000001B) for __rt_lib_init_fp_trap_1
    libinit.o(.ARM.Collect$$libinit$$00000000) refers (Special) to libinit2.o(.ARM.Collect$$libinit$$0000001F) for __rt_lib_init_getenv_1
    libinit.o(.ARM.Collect$$libinit$$00000000) refers (Special) to libinit2.o(.ARM.Collect$$libinit$$00000006) for __rt_lib_init_heap_1
    libinit.o(.ARM.Collect$$libinit$$00000000) refers (Special) to libinit2.o(.ARM.Collect$$libinit$$0000000D) for __rt_lib_init_lc_collate_1
    libinit.o(.ARM.Collect$$libinit$$00000000) refers (Special) to libinit2.o(.ARM.Collect$$libinit$$0000000F) for __rt_lib_init_lc_ctype_1
    libinit.o(.ARM.Collect$$libinit$$00000000) refers (Special) to libinit2.o(.ARM.Collect$$libinit$$00000011) for __rt_lib_init_lc_monetary_1
    libinit.o(.ARM.Collect$$libinit$$00000000) refers (Special) to libinit2.o(.ARM.Collect$$libinit$$00000013) for __rt_lib_init_lc_numeric_1
    libinit.o(.ARM.Collect$$libinit$$00000000) refers (Special) to libinit2.o(.ARM.Collect$$libinit$$00000015) for __rt_lib_init_lc_time_1
    libinit.o(.ARM.Collect$$libinit$$00000000) refers (Special) to libinit2.o(.ARM.Collect$$libinit$$0000000A) for __rt_lib_init_rand_1
    libinit.o(.ARM.Collect$$libinit$$00000000) refers (Special) to libinit2.o(.ARM.Collect$$libinit$$0000002F) for __rt_lib_init_return
    libinit.o(.ARM.Collect$$libinit$$00000000) refers (Special) to libinit2.o(.ARM.Collect$$libinit$$00000019) for __rt_lib_init_signal_1
    libinit.o(.ARM.Collect$$libinit$$00000000) refers (Special) to libinit2.o(.ARM.Collect$$libinit$$00000021) for __rt_lib_init_stdio_1
    libinit.o(.ARM.Collect$$libinit$$00000000) refers (Special) to libinit2.o(.ARM.Collect$$libinit$$00000008) for __rt_lib_init_user_alloc_1
    rtexit.o(.ARM.Collect$$rtexit$$00000000) refers (Special) to rtexit2.o(.ARM.Collect$$rtexit$$00000004) for __rt_exit_exit
    rtexit.o(.ARM.Collect$$rtexit$$00000000) refers (Special) to rtexit2.o(.ARM.Collect$$rtexit$$00000003) for __rt_exit_ls
    rtexit.o(.ARM.Collect$$rtexit$$00000000) refers (Special) to rtexit2.o(.ARM.Collect$$rtexit$$00000002) for __rt_exit_prels_1
    rtexit.o(.ARM.exidx) refers (Special) to rtexit2.o(.ARM.Collect$$rtexit$$00000004) for __rt_exit_exit
    rtexit.o(.ARM.exidx) refers (Special) to rtexit2.o(.ARM.Collect$$rtexit$$00000003) for __rt_exit_ls
    rtexit.o(.ARM.exidx) refers (Special) to rtexit2.o(.ARM.Collect$$rtexit$$00000002) for __rt_exit_prels_1
    rtexit.o(.ARM.exidx) refers to rtexit.o(.ARM.Collect$$rtexit$$00000000) for .ARM.Collect$$rtexit$$00000000
    libinit2.o(.ARM.Collect$$libinit$$0000000C) refers to libinit2.o(.ARM.Collect$$libinit$$0000000B) for .ARM.Collect$$libinit$$0000000B
    libinit2.o(.ARM.Collect$$libinit$$0000000E) refers to libinit2.o(.ARM.Collect$$libinit$$0000000B) for .ARM.Collect$$libinit$$0000000B
    libinit2.o(.ARM.Collect$$libinit$$00000010) refers to libinit2.o(.ARM.Collect$$libinit$$0000000B) for .ARM.Collect$$libinit$$0000000B
    libinit2.o(.ARM.Collect$$libinit$$00000012) refers to libinit2.o(.ARM.Collect$$libinit$$0000000B) for .ARM.Collect$$libinit$$0000000B
    libinit2.o(.ARM.Collect$$libinit$$00000014) refers to libinit2.o(.ARM.Collect$$libinit$$0000000B) for .ARM.Collect$$libinit$$0000000B
    libinit2.o(.ARM.Collect$$libinit$$00000022) refers to argv_veneer.o(.emb_text) for __ARM_argv_veneer
    libinit2.o(.ARM.Collect$$libinit$$00000023) refers to argv_veneer.o(.emb_text) for __ARM_argv_veneer
    rtexit2.o(.ARM.Collect$$rtexit$$00000003) refers to libshutdown.o(.ARM.Collect$$libshutdown$$00000000) for __rt_lib_shutdown
    rtexit2.o(.ARM.Collect$$rtexit$$00000004) refers to sys_exit.o(.text) for _sys_exit
    rtexit2.o(.ARM.exidx) refers to rtexit2.o(.ARM.Collect$$rtexit$$00000001) for .ARM.Collect$$rtexit$$00000001
    rtexit2.o(.ARM.exidx) refers to rtexit2.o(.ARM.Collect$$rtexit$$00000002) for .ARM.Collect$$rtexit$$00000002
    rtexit2.o(.ARM.exidx) refers to rtexit2.o(.ARM.Collect$$rtexit$$00000003) for .ARM.Collect$$rtexit$$00000003
    rtexit2.o(.ARM.exidx) refers to rtexit2.o(.ARM.Collect$$rtexit$$00000004) for .ARM.Collect$$rtexit$$00000004
    argv_veneer.o(.emb_text) refers to no_argv.o(.text) for __ARM_get_argv
    sys_exit.o(.text) refers to use_no_semi.o(.text) for __I$use$semihosting
    _get_argv_nomalloc.o(.text) refers (Special) to hrguard.o(.text) for __heap_region$guard
    _get_argv_nomalloc.o(.text) refers to defsig_rtmem_outer.o(.text) for __rt_SIGRTMEM
    _get_argv_nomalloc.o(.text) refers to sys_command.o(.text) for _sys_command_string
    libshutdown.o(.ARM.Collect$$libshutdown$$00000000) refers (Special) to libshutdown2.o(.ARM.Collect$$libshutdown$$00000006) for __rt_lib_shutdown_fp_trap_1
    libshutdown.o(.ARM.Collect$$libshutdown$$00000000) refers (Special) to libshutdown2.o(.ARM.Collect$$libshutdown$$0000000E) for __rt_lib_shutdown_heap_1
    libshutdown.o(.ARM.Collect$$libshutdown$$00000000) refers (Special) to libshutdown2.o(.ARM.Collect$$libshutdown$$0000000F) for __rt_lib_shutdown_return
    libshutdown.o(.ARM.Collect$$libshutdown$$00000000) refers (Special) to libshutdown2.o(.ARM.Collect$$libshutdown$$00000009) for __rt_lib_shutdown_signal_1
    libshutdown.o(.ARM.Collect$$libshutdown$$00000000) refers (Special) to libshutdown2.o(.ARM.Collect$$libshutdown$$00000003) for __rt_lib_shutdown_stdio_1
    libshutdown.o(.ARM.Collect$$libshutdown$$00000000) refers (Special) to libshutdown2.o(.ARM.Collect$$libshutdown$$0000000B) for __rt_lib_shutdown_user_alloc_1
    sys_command.o(.text) refers (Special) to use_no_semi.o(.text) for __I$use$semihosting
    defsig_rtmem_outer.o(.text) refers to defsig_rtmem_inner.o(.text) for __rt_SIGRTMEM_inner
    defsig_rtmem_outer.o(.text) refers to defsig_exit.o(.text) for __sig_exit
    defsig_rtmem_formal.o(.text) refers to rt_raise.o(.text) for __rt_raise
    rt_raise.o(.text) refers to __raise.o(.text) for __raise
    rt_raise.o(.text) refers to sys_exit.o(.text) for _sys_exit
    defsig_exit.o(.text) refers to sys_exit.o(.text) for _sys_exit
    defsig_rtmem_inner.o(.text) refers to defsig_general.o(.text) for __default_signal_display
    __raise.o(.text) refers to defsig.o(CL$$defsig) for __default_signal_handler
    defsig_general.o(.text) refers to sys_wrch.o(.text) for _ttywrch
    sys_wrch.o(.text) refers (Special) to use_no_semi.o(.text) for __I$use$semihosting
    defsig.o(CL$$defsig) refers to defsig_rtmem_inner.o(.text) for __rt_SIGRTMEM_inner
    defsig_abrt_inner.o(.text) refers to defsig_general.o(.text) for __default_signal_display
    defsig_fpe_inner.o(.text) refers to defsig_general.o(.text) for __default_signal_display
    defsig_rtred_inner.o(.text) refers to defsig_general.o(.text) for __default_signal_display
    defsig_stak_inner.o(.text) refers to defsig_general.o(.text) for __default_signal_display
    defsig_pvfn_inner.o(.text) refers to defsig_general.o(.text) for __default_signal_display
    defsig_cppl_inner.o(.text) refers to defsig_general.o(.text) for __default_signal_display
    defsig_segv_inner.o(.text) refers to defsig_general.o(.text) for __default_signal_display
    defsig_other.o(.text) refers to defsig_general.o(.text) for __default_signal_display


==============================================================================

Image Symbol Table

    Local Symbols

    Symbol Name                              Value     Ov Type        Size  Object(Section)

    RESET                                    0x00000000   Section      196  startup_lpc17xx.o(RESET)
    ../../angel/boardlib.s                   0x00000000   Number         0  boardinit3.o ABSOLUTE
    ../../angel/boardlib.s                   0x00000000   Number         0  boardinit2.o ABSOLUTE
    ../../angel/boardlib.s                   0x00000000   Number         0  boardinit1.o ABSOLUTE
    ../../angel/boardlib.s                   0x00000000   Number         0  boardshut.o ABSOLUTE
    ../../angel/dczerorl2.s                  0x00000000   Number         0  __dczerorl2.o ABSOLUTE
    ../../angel/handlers.s                   0x00000000   Number         0  __scatter_zi.o ABSOLUTE
    ../../angel/kernel.s                     0x00000000   Number         0  rtentry4.o ABSOLUTE
    ../../angel/kernel.s                     0x00000000   Number         0  rtentry2.o ABSOLUTE
    ../../angel/kernel.s                     0x00000000   Number         0  rtexit2.o ABSOLUTE
    ../../angel/kernel.s                     0x00000000   Number         0  rtexit.o ABSOLUTE
    ../../angel/kernel.s                     0x00000000   Number         0  rtentry.o ABSOLUTE
    ../../angel/rt.s                         0x00000000   Number         0  rt_raise.o ABSOLUTE
    ../../angel/rt.s                         0x00000000   Number         0  rt_errno_addr_intlibspace.o ABSOLUTE
    ../../angel/rt.s                         0x00000000   Number         0  rt_errno_addr.o ABSOLUTE
    ../../angel/scatter.s                    0x00000000   Number         0  __scatter.o ABSOLUTE
    ../../angel/startup.s                    0x00000000   Number         0  __main.o ABSOLUTE
    ../../angel/sys.s                        0x00000000   Number         0  sys_stackheap_outer.o ABSOLUTE
    ../../angel/sys.s                        0x00000000   Number         0  libspace.o ABSOLUTE
    ../../angel/sys.s                        0x00000000   Number         0  sys_exit.o ABSOLUTE
    ../../angel/sys.s                        0x00000000   Number         0  use_no_semi.o ABSOLUTE
    ../../angel/sysapp.c                     0x00000000   Number         0  sys_command.o ABSOLUTE
    ../../angel/sysapp.c                     0x00000000   Number         0  sys_wrch.o ABSOLUTE
    ../../armsys.c                           0x00000000   Number         0  argv_veneer.o ABSOLUTE
    ../../armsys.c                           0x00000000   Number         0  argv_veneer.o ABSOLUTE
    ../../armsys.c                           0x00000000   Number         0  _get_argv_nomalloc.o ABSOLUTE
    ../../armsys.c                           0x00000000   Number         0  no_argv.o ABSOLUTE
    ../../cos_i.c                            0x00000000   Number         0  cos_i.o ABSOLUTE
    ../../d2f.s                              0x00000000   Number         0  d2f.o ABSOLUTE
    ../../daddsub.s                          0x00000000   Number         0  daddsub_clz.o ABSOLUTE
    ../../dcheck.s                           0x00000000   Number         0  dcheck.o ABSOLUTE
    ../../dcheck1.s                          0x00000000   Number         0  dcheck1.o ABSOLUTE
    ../../dcmpin.s                           0x00000000   Number         0  dcmpin.o ABSOLUTE
    ../../ddiv.s                             0x00000000   Number         0  ddiv.o ABSOLUTE
    ../../dfix.s                             0x00000000   Number         0  dfix.o ABSOLUTE
    ../../dfixu.s                            0x00000000   Number         0  dfixu.o ABSOLUTE
    ../../dflt.s                             0x00000000   Number         0  dflt_clz.o ABSOLUTE
    ../../dleqf.s                            0x00000000   Number         0  dleqf.o ABSOLUTE
    ../../dmul.s                             0x00000000   Number         0  dmul.o ABSOLUTE
    ../../drem.s                             0x00000000   Number         0  drem_clz.o ABSOLUTE
    ../../drleqf.s                           0x00000000   Number         0  drleqf.o ABSOLUTE
    ../../dsqrt.s                            0x00000000   Number         0  dsqrt.o ABSOLUTE
    ../../dunder.s                           0x00000000   Number         0  dunder.o ABSOLUTE
    ../../f2d.s                              0x00000000   Number         0  f2d.o ABSOLUTE
    ../../faddsub.s                          0x00000000   Number         0  faddsub_clz.o ABSOLUTE
    ../../fcheck.s                           0x00000000   Number         0  fcheck.o ABSOLUTE
    ../../fcheck1.s                          0x00000000   Number         0  fcheck1.o ABSOLUTE
    ../../fcmpin.s                           0x00000000   Number         0  fcmpin.o ABSOLUTE
    ../../fdiv.s                             0x00000000   Number         0  fdiv.o ABSOLUTE
    ../../fenv.c                             0x00000000   Number         0  _rserrno.o ABSOLUTE
    ../../ffix.s                             0x00000000   Number         0  ffix.o ABSOLUTE
    ../../ffixu.s                            0x00000000   Number         0  ffixu.o ABSOLUTE
    ../../fflt.s                             0x00000000   Number         0  fflt_clz.o ABSOLUTE
    ../../fmul.s                             0x00000000   Number         0  fmul.o ABSOLUTE
    ../../fnorm2.s                           0x00000000   Number         0  fnorm2_clz.o ABSOLUTE
    ../../fpinit.s                           0x00000000   Number         0  fpinit.o ABSOLUTE
    ../../frleqf.s                           0x00000000   Number         0  frleqf.o ABSOLUTE
    ../../funder.s                           0x00000000   Number         0  funder.o ABSOLUTE
    ../../heapalloc.c                        0x00000000   Number         0  hrguard.o ABSOLUTE
    ../../heapaux.c                          0x00000000   Number         0  heapauxi.o ABSOLUTE
    ../../libinit.s                          0x00000000   Number         0  libshutdown2.o ABSOLUTE
    ../../libinit.s                          0x00000000   Number         0  libinit.o ABSOLUTE
    ../../libinit.s                          0x00000000   Number         0  libshutdown.o ABSOLUTE
    ../../libinit.s                          0x00000000   Number         0  libinit2.o ABSOLUTE
    ../../memcpset.s                         0x00000000   Number         0  rt_memcpy_w.o ABSOLUTE
    ../../poly.c                             0x00000000   Number         0  poly.o ABSOLUTE
    ../../retnan.s                           0x00000000   Number         0  retnan.o ABSOLUTE
    ../../rred.c                             0x00000000   Number         0  rred.o ABSOLUTE
    ../../scalbn.s                           0x00000000   Number         0  scalbn.o ABSOLUTE
    ../../signal.c                           0x00000000   Number         0  defsig_rtmem_formal.o ABSOLUTE
    ../../signal.c                           0x00000000   Number         0  defsig_rtmem_outer.o ABSOLUTE
    ../../signal.c                           0x00000000   Number         0  defsig_other.o ABSOLUTE
    ../../signal.c                           0x00000000   Number         0  defsig_segv_inner.o ABSOLUTE
    ../../signal.c                           0x00000000   Number         0  defsig_cppl_inner.o ABSOLUTE
    ../../signal.c                           0x00000000   Number         0  defsig_stak_inner.o ABSOLUTE
    ../../signal.c                           0x00000000   Number         0  defsig_fpe_inner.o ABSOLUTE
    ../../signal.c                           0x00000000   Number         0  defsig_rtred_inner.o ABSOLUTE
    ../../signal.c                           0x00000000   Number         0  defsig_general.o ABSOLUTE
    ../../signal.c                           0x00000000   Number         0  defsig_rtmem_inner.o ABSOLUTE
    ../../signal.c                           0x00000000   Number         0  defsig_pvfn_inner.o ABSOLUTE
    ../../signal.c                           0x00000000   Number         0  defsig_abrt_inner.o ABSOLUTE
    ../../signal.c                           0x00000000   Number         0  __raise.o ABSOLUTE
    ../../signal.c                           0x00000000   Number         0  defsig_exit.o ABSOLUTE
    ../../signal.s                           0x00000000   Number         0  defsig.o ABSOLUTE
    ../../sin.c                              0x00000000   Number         0  sin.o ABSOLUTE
    ../../sin_i.c                            0x00000000   Number         0  sin_i.o ABSOLUTE
    ../../sqrt.c                             0x00000000   Number         0  sqrt.o ABSOLUTE
    ../../stdlib.c                           0x00000000   Number         0  exit.o ABSOLUTE
    ../../trapv.s                            0x00000000   Number         0  trapv.o ABSOLUTE
    ../../usenofp.s                          0x00000000   Number         0  usenofp.o ABSOLUTE
    common\src\startup_LPC17xx.s             0x00000000   Number         0  startup_lpc17xx.o ABSOLUTE
    common\src\system_LPC17xx.c              0x00000000   Number         0  system_lpc17xx.o ABSOLUTE
    dc.s                                     0x00000000   Number         0  dc.o ABSOLUTE
    main.c                                   0x00000000   Number         0  main.o ABSOLUTE
    !!!main                                  0x000000c4   Section        8  __main.o(!!!main)
    !!!scatter                               0x000000cc   Section       52  __scatter.o(!!!scatter)
    !!dczerorl2                              0x00000100   Section       90  __dczerorl2.o(!!dczerorl2)
    !!handler_zi                             0x0000015c   Section       28  __scatter_zi.o(!!handler_zi)
    .ARM.Collect$$libinit$$00000000          0x00000178   Section        6  libinit.o(.ARM.Collect$$libinit$$00000000)
    .ARM.Collect$$libinit$$00000006          0x0000017e   Section        0  libinit2.o(.ARM.Collect$$libinit$$00000006)
    .ARM.Collect$$libinit$$00000008          0x0000017e   Section        0  libinit2.o(.ARM.Collect$$libinit$$00000008)
    .ARM.Collect$$libinit$$0000000A          0x0000017e   Section        0  libinit2.o(.ARM.Collect$$libinit$$0000000A)
    .ARM.Collect$$libinit$$0000000D          0x0000017e   Section        0  libinit2.o(.ARM.Collect$$libinit$$0000000D)
    .ARM.Collect$$libinit$$0000000F          0x0000017e   Section        0  libinit2.o(.ARM.Collect$$libinit$$0000000F)
    .ARM.Collect$$libinit$$00000011          0x0000017e   Section        0  libinit2.o(.ARM.Collect$$libinit$$00000011)
    .ARM.Collect$$libinit$$00000013          0x0000017e   Section        0  libinit2.o(.ARM.Collect$$libinit$$00000013)
    .ARM.Collect$$libinit$$00000015          0x0000017e   Section        0  libinit2.o(.ARM.Collect$$libinit$$00000015)
    .ARM.Collect$$libinit$$00000017          0x0000017e   Section        0  libinit2.o(.ARM.Collect$$libinit$$00000017)
    .ARM.Collect$$libinit$$00000019          0x0000017e   Section        0  libinit2.o(.ARM.Collect$$libinit$$00000019)
    .ARM.Collect$$libinit$$0000001B          0x0000017e   Section        0  libinit2.o(.ARM.Collect$$libinit$$0000001B)
    .ARM.Collect$$libinit$$0000001D          0x0000017e   Section        0  libinit2.o(.ARM.Collect$$libinit$$0000001D)
    .ARM.Collect$$libinit$$0000001F          0x0000017e   Section        0  libinit2.o(.ARM.Collect$$libinit$$0000001F)
    .ARM.Collect$$libinit$$00000021          0x0000017e   Section        0  libinit2.o(.ARM.Collect$$libinit$$00000021)
    .ARM.Collect$$libinit$$00000028          0x0000017e   Section        0  libinit2.o(.ARM.Collect$$libinit$$00000028)
    .ARM.Collect$$libinit$$0000002A          0x0000017e   Section        0  libinit2.o(.ARM.Collect$$libinit$$0000002A)
    .ARM.Collect$$libinit$$0000002C          0x0000017e   Section        0  libinit2.o(.ARM.Collect$$libinit$$0000002C)
    .ARM.Collect$$libinit$$0000002E          0x0000017e   Section        0  libinit2.o(.ARM.Collect$$libinit$$0000002E)
    .ARM.Collect$$libinit$$0000002F          0x0000017e   Section        2  libinit2.o(.ARM.Collect$$libinit$$0000002F)
    .ARM.Collect$$libshutdown$$00000000      0x00000180   Section        2  libshutdown.o(.ARM.Collect$$libshutdown$$00000000)
    .ARM.Collect$$libshutdown$$00000003      0x00000182   Section        0  libshutdown2.o(.ARM.Collect$$libshutdown$$00000003)
    .ARM.Collect$$libshutdown$$00000006      0x00000182   Section        0  libshutdown2.o(.ARM.Collect$$libshutdown$$00000006)
    .ARM.Collect$$libshutdown$$00000009      0x00000182   Section        0  libshutdown2.o(.ARM.Collect$$libshutdown$$00000009)
    .ARM.Collect$$libshutdown$$0000000B      0x00000182   Section        0  libshutdown2.o(.ARM.Collect$$libshutdown$$0000000B)
    .ARM.Collect$$libshutdown$$0000000E      0x00000182   Section        0  libshutdown2.o(.ARM.Collect$$libshutdown$$0000000E)
    .ARM.Collect$$libshutdown$$0000000F      0x00000182   Section        2  libshutdown2.o(.ARM.Collect$$libshutdown$$0000000F)
    .ARM.Collect$$rtentry$$00000000          0x00000184   Section        0  rtentry.o(.ARM.Collect$$rtentry$$00000000)
    .ARM.Collect$$rtentry$$00000002          0x00000184   Section        0  rtentry2.o(.ARM.Collect$$rtentry$$00000002)
    .ARM.Collect$$rtentry$$00000004          0x00000184   Section        6  rtentry4.o(.ARM.Collect$$rtentry$$00000004)
    .ARM.Collect$$rtentry$$00000009          0x0000018a   Section        0  rtentry2.o(.ARM.Collect$$rtentry$$00000009)
    .ARM.Collect$$rtentry$$0000000A          0x0000018a   Section        4  rtentry2.o(.ARM.Collect$$rtentry$$0000000A)
    .ARM.Collect$$rtentry$$0000000C          0x0000018e   Section        0  rtentry2.o(.ARM.Collect$$rtentry$$0000000C)
    .ARM.Collect$$rtentry$$0000000D          0x0000018e   Section        8  rtentry2.o(.ARM.Collect$$rtentry$$0000000D)
    .ARM.Collect$$rtexit$$00000000           0x00000196   Section        0  rtexit.o(.ARM.Collect$$rtexit$$00000000)
    .ARM.Collect$$rtexit$$00000002           0x00000196   Section        0  rtexit2.o(.ARM.Collect$$rtexit$$00000002)
    .ARM.Collect$$rtexit$$00000003           0x00000196   Section        4  rtexit2.o(.ARM.Collect$$rtexit$$00000003)
    .ARM.Collect$$rtexit$$00000004           0x0000019a   Section        4  rtexit2.o(.ARM.Collect$$rtexit$$00000004)
    .text                                    0x000001a0   Section       52  startup_lpc17xx.o(.text)
    .text                                    0x000001d4   Section      100  rt_memcpy_w.o(.text)
    .text                                    0x00000238   Section        6  heapauxi.o(.text)
    .text                                    0x0000023e   Section       22  _rserrno.o(.text)
    .text                                    0x00000254   Section       12  rt_errno_addr_intlibspace.o(.text)
    .text                                    0x00000260   Section        8  libspace.o(.text)
    .text                                    0x00000268   Section       74  sys_stackheap_outer.o(.text)
    .text                                    0x000002b2   Section       12  exit.o(.text)
    .text                                    0x000002c0   Section       20  sys_exit.o(.text)
    .text                                    0x000002d4   Section        2  use_no_semi.o(.text)
    x$fpl$dcheck                             0x000002d8   Section       16  dcheck.o(x$fpl$dcheck)
    x$fpl$dcheck1                            0x000002e8   Section       16  dcheck1.o(x$fpl$dcheck1)
    x$fpl$usenofp                            0x000002f8   Section        0  usenofp.o(x$fpl$usenofp)
    .ARM.__at_0x02FC                         0x000002fc   Section        4  startup_lpc17xx.o(.ARM.__at_0x02FC)
    .text                                    0x00000300   Section      536  system_lpc17xx.o(.text)
    .text                                    0x00000518   Section    90076  main.o(.text)
    NVIC_EnableIRQ                           0x00016485   Thumb Code    24  main.o(.text)
    i.__ieee754_rem_pio2                     0x000164f4   Section      740  rred.o(i.__ieee754_rem_pio2)
    i.__kernel_cos                           0x000167d8   Section      252  cos_i.o(i.__kernel_cos)
    i.__kernel_poly                          0x000168d4   Section      162  poly.o(i.__kernel_poly)
    i.__kernel_sin                           0x00016978   Section      236  sin_i.o(i.__kernel_sin)
    i.sin                                    0x00016a64   Section      160  sin.o(i.sin)
    i.sqrt                                   0x00016b04   Section       84  sqrt.o(i.sqrt)
    x$fpl$d2f                                0x00016b58   Section      148  d2f.o(x$fpl$d2f)
    x$fpl$dadd                               0x00016bec   Section      440  daddsub_clz.o(x$fpl$dadd)
    _dadd1                                   0x00016bfd   Thumb Code     0  daddsub_clz.o(x$fpl$dadd)
    x$fpl$dcmpinfnan                         0x00016da4   Section      120  dcmpin.o(x$fpl$dcmpinfnan)
    x$fpl$dcmpinfnan                         0x00016e1c   Section       88  fcmpin.o(x$fpl$dcmpinfnan)
    x$fpl$ddiv                               0x00016e74   Section     1024  ddiv.o(x$fpl$ddiv)
    ddiv_entry                               0x00016e77   Thumb Code     0  ddiv.o(x$fpl$ddiv)
    x$fpl$dfix                               0x00017274   Section      156  dfix.o(x$fpl$dfix)
    x$fpl$dfixu                              0x00017310   Section      116  dfixu.o(x$fpl$dfixu)
    x$fpl$dflt                               0x00017384   Section       44  dflt_clz.o(x$fpl$dflt)
    x$fpl$dfltu                              0x000173b0   Section       10  dflt_clz.o(x$fpl$dfltu)
    x$fpl$dleqf                              0x000173bc   Section      112  dleqf.o(x$fpl$dleqf)
    x$fpl$dmul                               0x0001742c   Section      456  dmul.o(x$fpl$dmul)
    x$fpl$drem                               0x000175f4   Section      408  drem_clz.o(x$fpl$drem)
    x$fpl$drleqf                             0x0001778c   Section      136  drleqf.o(x$fpl$drleqf)
    x$fpl$drsb                               0x00017814   Section       22  daddsub_clz.o(x$fpl$drsb)
    x$fpl$dsqrt                              0x0001782c   Section      324  dsqrt.o(x$fpl$dsqrt)
    x$fpl$dsub                               0x00017970   Section      584  daddsub_clz.o(x$fpl$dsub)
    _dsub1                                   0x00017981   Thumb Code     0  daddsub_clz.o(x$fpl$dsub)
    x$fpl$dunder                             0x00017bb8   Section      236  dunder.o(x$fpl$dunder)
    x$fpl$f2d                                0x00017ca4   Section       80  f2d.o(x$fpl$f2d)
    x$fpl$fadd                               0x00017cf4   Section      256  faddsub_clz.o(x$fpl$fadd)
    _fadd1                                   0x00017d03   Thumb Code     0  faddsub_clz.o(x$fpl$fadd)
    x$fpl$fcheck                             0x00017df4   Section       12  fcheck.o(x$fpl$fcheck)
    x$fpl$fcheck1                            0x00017e00   Section       12  fcheck1.o(x$fpl$fcheck1)
    x$fpl$fdiv                               0x00017e0c   Section      484  fdiv.o(x$fpl$fdiv)
    _fdiv1                                   0x00017e0d   Thumb Code     0  fdiv.o(x$fpl$fdiv)
    x$fpl$ffix                               0x00017ff0   Section      112  ffix.o(x$fpl$ffix)
    x$fpl$ffixu                              0x00018060   Section       88  ffixu.o(x$fpl$ffixu)
    x$fpl$fflt                               0x000180b8   Section       50  fflt_clz.o(x$fpl$fflt)
    x$fpl$ffltu                              0x000180ea   Section        8  fflt_clz.o(x$fpl$ffltu)
    x$fpl$fmul                               0x000180f4   Section      264  fmul.o(x$fpl$fmul)
    x$fpl$fnorm2                             0x000181fc   Section       74  fnorm2_clz.o(x$fpl$fnorm2)
    x$fpl$frleqf                             0x00018248   Section      108  frleqf.o(x$fpl$frleqf)
    x$fpl$fsub                               0x000182b4   Section      292  faddsub_clz.o(x$fpl$fsub)
    _fsub1                                   0x000182c3   Thumb Code     0  faddsub_clz.o(x$fpl$fsub)
    x$fpl$funder                             0x000183d8   Section      134  funder.o(x$fpl$funder)
    x$fpl$retnan                             0x0001845e   Section      100  retnan.o(x$fpl$retnan)
    x$fpl$scalbn                             0x000184c2   Section       96  scalbn.o(x$fpl$scalbn)
    x$fpl$trapveneer                         0x00018522   Section       48  trapv.o(x$fpl$trapveneer)
    .constdata                               0x00018558   Section       48  cos_i.o(.constdata)
    C                                        0x00018558   Data          48  cos_i.o(.constdata)
    .constdata                               0x00018588   Section      192  rred.o(.constdata)
    reductions                               0x00018588   Data         144  rred.o(.constdata)
    pio2s                                    0x00018618   Data          48  rred.o(.constdata)
    .constdata                               0x00018648   Section       40  sin_i.o(.constdata)
    S                                        0x00018648   Data          40  sin_i.o(.constdata)
    .data                                    0x10000000   Section        4  system_lpc17xx.o(.data)
    .data                                    0x10000008   Section     1288  main.o(.data)
    .bss                                     0x10000510   Section    26976  main.o(.bss)
    .bss                                     0x10006e70   Section       96  libspace.o(.bss)
    HEAP                                     0x10006ed0   Section        0  startup_lpc17xx.o(HEAP)
    STACK                                    0x10006ed0   Section     2048  startup_lpc17xx.o(STACK)
    Heap_Mem                                 0x10006ed0   Data           0  startup_lpc17xx.o(HEAP)
    Stack_Mem                                0x10006ed0   Data        2048  startup_lpc17xx.o(STACK)
    __initial_sp                             0x100076d0   Data           0  startup_lpc17xx.o(STACK)

    Global Symbols

    Symbol Name                              Value     Ov Type        Size  Object(Section)

    BuildAttributes$$THM_ISAv4$P$D$K$B$S$PE$A:L22UL41UL21$X:L11$S22US41US21$IEEE1$IW$USESV6$~STKCKD$USESV7$~SHL$OSPACE$ROPI$IEEEJ$EBA8$UX$STANDARDLIB$REQ8$PRES8$EABIv2 0x00000000   Number         0  anon$$obj.o ABSOLUTE
    __ARM_use_no_argv                        0x00000000   Number         0  main.o ABSOLUTE
    __Vectors                                0x00000000   Data           4  startup_lpc17xx.o(RESET)
    __ARM_exceptions_init                     - Undefined Weak Reference
    __alloca_initialize                       - Undefined Weak Reference
    __cpp_initialize__aeabi_                  - Undefined Weak Reference
    __cxa_finalize                            - Undefined Weak Reference
    __fpl_infinity                            - Undefined Weak Reference
    __rt_locale                               - Undefined Weak Reference
    __sigvec_lookup                           - Undefined Weak Reference
    _atexit_init                              - Undefined Weak Reference
    _call_atexit_fns                          - Undefined Weak Reference
    _clock_init                               - Undefined Weak Reference
    _fp_trap_init                             - Undefined Weak Reference
    _fp_trap_shutdown                         - Undefined Weak Reference
    _get_lc_collate                           - Undefined Weak Reference
    _get_lc_ctype                             - Undefined Weak Reference
    _get_lc_monetary                          - Undefined Weak Reference
    _get_lc_numeric                           - Undefined Weak Reference
    _get_lc_time                              - Undefined Weak Reference
    _getenv_init                              - Undefined Weak Reference
    _handle_redirection                       - Undefined Weak Reference
    _init_alloc                               - Undefined Weak Reference
    _init_user_alloc                          - Undefined Weak Reference
    _initio                                   - Undefined Weak Reference
    _rand_init                                - Undefined Weak Reference
    _signal_finish                            - Undefined Weak Reference
    _signal_init                              - Undefined Weak Reference
    _terminate_alloc                          - Undefined Weak Reference
    _terminate_user_alloc                     - Undefined Weak Reference
    _terminateio                              - Undefined Weak Reference
    __main                                   0x000000c5   Thumb Code     8  __main.o(!!!main)
    __scatterload                            0x000000cd   Thumb Code     0  __scatter.o(!!!scatter)
    __scatterload_rt2                        0x000000cd   Thumb Code    44  __scatter.o(!!!scatter)
    __scatterload_rt2_thumb_only             0x000000cd   Thumb Code     0  __scatter.o(!!!scatter)
    __scatterload_null                       0x000000db   Thumb Code     0  __scatter.o(!!!scatter)
    __decompress                             0x00000101   Thumb Code    90  __dczerorl2.o(!!dczerorl2)
    __decompress1                            0x00000101   Thumb Code     0  __dczerorl2.o(!!dczerorl2)
    __scatterload_zeroinit                   0x0000015d   Thumb Code    28  __scatter_zi.o(!!handler_zi)
    __rt_lib_init                            0x00000179   Thumb Code     0  libinit.o(.ARM.Collect$$libinit$$00000000)
    __rt_lib_init_alloca_1                   0x0000017f   Thumb Code     0  libinit2.o(.ARM.Collect$$libinit$$0000002A)
    __rt_lib_init_argv_1                     0x0000017f   Thumb Code     0  libinit2.o(.ARM.Collect$$libinit$$00000028)
    __rt_lib_init_atexit_1                   0x0000017f   Thumb Code     0  libinit2.o(.ARM.Collect$$libinit$$00000017)
    __rt_lib_init_clock_1                    0x0000017f   Thumb Code     0  libinit2.o(.ARM.Collect$$libinit$$0000001D)
    __rt_lib_init_cpp_1                      0x0000017f   Thumb Code     0  libinit2.o(.ARM.Collect$$libinit$$0000002E)
    __rt_lib_init_exceptions_1               0x0000017f   Thumb Code     0  libinit2.o(.ARM.Collect$$libinit$$0000002C)
    __rt_lib_init_fp_trap_1                  0x0000017f   Thumb Code     0  libinit2.o(.ARM.Collect$$libinit$$0000001B)
    __rt_lib_init_getenv_1                   0x0000017f   Thumb Code     0  libinit2.o(.ARM.Collect$$libinit$$0000001F)
    __rt_lib_init_heap_1                     0x0000017f   Thumb Code     0  libinit2.o(.ARM.Collect$$libinit$$00000006)
    __rt_lib_init_lc_collate_1               0x0000017f   Thumb Code     0  libinit2.o(.ARM.Collect$$libinit$$0000000D)
    __rt_lib_init_lc_ctype_1                 0x0000017f   Thumb Code     0  libinit2.o(.ARM.Collect$$libinit$$0000000F)
    __rt_lib_init_lc_monetary_1              0x0000017f   Thumb Code     0  libinit2.o(.ARM.Collect$$libinit$$00000011)
    __rt_lib_init_lc_numeric_1               0x0000017f   Thumb Code     0  libinit2.o(.ARM.Collect$$libinit$$00000013)
    __rt_lib_init_lc_time_1                  0x0000017f   Thumb Code     0  libinit2.o(.ARM.Collect$$libinit$$00000015)
    __rt_lib_init_rand_1                     0x0000017f   Thumb Code     0  libinit2.o(.ARM.Collect$$libinit$$0000000A)
    __rt_lib_init_return                     0x0000017f   Thumb Code     0  libinit2.o(.ARM.Collect$$libinit$$0000002F)
    __rt_lib_init_signal_1                   0x0000017f   Thumb Code     0  libinit2.o(.ARM.Collect$$libinit$$00000019)
    __rt_lib_init_stdio_1                    0x0000017f   Thumb Code     0  libinit2.o(.ARM.Collect$$libinit$$00000021)
    __rt_lib_init_user_alloc_1               0x0000017f   Thumb Code     0  libinit2.o(.ARM.Collect$$libinit$$00000008)
    __rt_lib_shutdown                        0x00000181   Thumb Code     0  libshutdown.o(.ARM.Collect$$libshutdown$$00000000)
    __rt_lib_shutdown_fp_trap_1              0x00000183   Thumb Code     0  libshutdown2.o(.ARM.Collect$$libshutdown$$00000006)
    __rt_lib_shutdown_heap_1                 0x00000183   Thumb Code     0  libshutdown2.o(.ARM.Collect$$libshutdown$$0000000E)
    __rt_lib_shutdown_return                 0x00000183   Thumb Code     0  libshutdown2.o(.ARM.Collect$$libshutdown$$0000000F)
    __rt_lib_shutdown_signal_1               0x00000183   Thumb Code     0  libshutdown2.o(.ARM.Collect$$libshutdown$$00000009)
    __rt_lib_shutdown_stdio_1                0x00000183   Thumb Code     0  libshutdown2.o(.ARM.Collect$$libshutdown$$00000003)
    __rt_lib_shutdown_user_alloc_1           0x00000183   Thumb Code     0  libshutdown2.o(.ARM.Collect$$libshutdown$$0000000B)
    __rt_entry                               0x00000185   Thumb Code     0  rtentry.o(.ARM.Collect$$rtentry$$00000000)
    __rt_entry_presh_1                       0x00000185   Thumb Code     0  rtentry2.o(.ARM.Collect$$rtentry$$00000002)
    __rt_entry_sh                            0x00000185   Thumb Code     0  rtentry4.o(.ARM.Collect$$rtentry$$00000004)
    __rt_entry_li                            0x0000018b   Thumb Code     0  rtentry2.o(.ARM.Collect$$rtentry$$0000000A)
    __rt_entry_postsh_1                      0x0000018b   Thumb Code     0  rtentry2.o(.ARM.Collect$$rtentry$$00000009)
    __rt_entry_main                          0x0000018f   Thumb Code     0  rtentry2.o(.ARM.Collect$$rtentry$$0000000D)
    __rt_entry_postli_1                      0x0000018f   Thumb Code     0  rtentry2.o(.ARM.Collect$$rtentry$$0000000C)
    __rt_exit                                0x00000197   Thumb Code     0  rtexit.o(.ARM.Collect$$rtexit$$00000000)
    __rt_exit_ls                             0x00000197   Thumb Code     0  rtexit2.o(.ARM.Collect$$rtexit$$00000003)
    __rt_exit_prels_1                        0x00000197   Thumb Code     0  rtexit2.o(.ARM.Collect$$rtexit$$00000002)
    __rt_exit_exit                           0x0000019b   Thumb Code     0  rtexit2.o(.ARM.Collect$$rtexit$$00000004)
    Reset_Handler                            0x000001a1   Thumb Code     4  startup_lpc17xx.o(.text)
    NMI_Handler                              0x000001a5   Thumb Code     2  startup_lpc17xx.o(.text)
    HardFault_Handler                        0x000001a7   Thumb Code     2  startup_lpc17xx.o(.text)
    MemManage_Handler                        0x000001a9   Thumb Code     2  startup_lpc17xx.o(.text)
    BusFault_Handler                         0x000001ab   Thumb Code     2  startup_lpc17xx.o(.text)
    UsageFault_Handler                       0x000001ad   Thumb Code     2  startup_lpc17xx.o(.text)
    SVC_Handler                              0x000001af   Thumb Code     2  startup_lpc17xx.o(.text)
    DebugMon_Handler                         0x000001b1   Thumb Code     2  startup_lpc17xx.o(.text)
    PendSV_Handler                           0x000001b3   Thumb Code     2  startup_lpc17xx.o(.text)
    SysTick_Handler                          0x000001b5   Thumb Code     2  startup_lpc17xx.o(.text)
    ADC_IRQHandler                           0x000001b7   Thumb Code     0  startup_lpc17xx.o(.text)
    BOD_IRQHandler                           0x000001b7   Thumb Code     0  startup_lpc17xx.o(.text)
    DMA_IRQHandler                           0x000001b7   Thumb Code     0  startup_lpc17xx.o(.text)
    EINT0_IRQHandler                         0x000001b7   Thumb Code     0  startup_lpc17xx.o(.text)
    EINT1_IRQHandler                         0x000001b7   Thumb Code     0  startup_lpc17xx.o(.text)
    EINT2_IRQHandler                         0x000001b7   Thumb Code     0  startup_lpc17xx.o(.text)
    EINT3_IRQHandler                         0x000001b7   Thumb Code     0  startup_lpc17xx.o(.text)
    ENET_IRQHandler                          0x000001b7   Thumb Code     0  startup_lpc17xx.o(.text)
    I2C0_IRQHandler                          0x000001b7   Thumb Code     0  startup_lpc17xx.o(.text)
    I2C1_IRQHandler                          0x000001b7   Thumb Code     0  startup_lpc17xx.o(.text)
    I2C2_IRQHandler                          0x000001b7   Thumb Code     0  startup_lpc17xx.o(.text)
    I2S_IRQHandler                           0x000001b7   Thumb Code     0  startup_lpc17xx.o(.text)
    MCPWM_IRQHandler                         0x000001b7   Thumb Code     0  startup_lpc17xx.o(.text)
    PLL0_IRQHandler                          0x000001b7   Thumb Code     0  startup_lpc17xx.o(.text)
    PLL1_IRQHandler                          0x000001b7   Thumb Code     0  startup_lpc17xx.o(.text)
    PWM1_IRQHandler                          0x000001b7   Thumb Code     0  startup_lpc17xx.o(.text)
    QEI_IRQHandler                           0x000001b7   Thumb Code     0  startup_lpc17xx.o(.text)
    RIT_IRQHandler                           0x000001b7   Thumb Code     0  startup_lpc17xx.o(.text)
    SPI_IRQHandler                           0x000001b7   Thumb Code     0  startup_lpc17xx.o(.text)
    SSP1_IRQHandler                          0x000001b7   Thumb Code     0  startup_lpc17xx.o(.text)
    TIMER0_IRQHandler                        0x000001b7   Thumb Code     0  startup_lpc17xx.o(.text)
    TIMER1_IRQHandler                        0x000001b7   Thumb Code     0  startup_lpc17xx.o(.text)
    TIMER2_IRQHandler                        0x000001b7   Thumb Code     0  startup_lpc17xx.o(.text)
    TIMER3_IRQHandler                        0x000001b7   Thumb Code     0  startup_lpc17xx.o(.text)
    UART1_IRQHandler                         0x000001b7   Thumb Code     0  startup_lpc17xx.o(.text)
    UART2_IRQHandler                         0x000001b7   Thumb Code     0  startup_lpc17xx.o(.text)
    USB_IRQHandler                           0x000001b7   Thumb Code     0  startup_lpc17xx.o(.text)
    WDT_IRQHandler                           0x000001b7   Thumb Code     0  startup_lpc17xx.o(.text)
    __user_initial_stackheap                 0x000001b9   Thumb Code     0  startup_lpc17xx.o(.text)
    __aeabi_memcpy4                          0x000001d5   Thumb Code     0  rt_memcpy_w.o(.text)
    __aeabi_memcpy8                          0x000001d5   Thumb Code     0  rt_memcpy_w.o(.text)
    __rt_memcpy_w                            0x000001d5   Thumb Code   100  rt_memcpy_w.o(.text)
    _memcpy_lastbytes_aligned                0x0000021d   Thumb Code     0  rt_memcpy_w.o(.text)
    __use_two_region_memory                  0x00000239   Thumb Code     2  heapauxi.o(.text)
    __rt_heap_escrow$2region                 0x0000023b   Thumb Code     2  heapauxi.o(.text)
    __rt_heap_expand$2region                 0x0000023d   Thumb Code     2  heapauxi.o(.text)
    __read_errno                             0x0000023f   Thumb Code    10  _rserrno.o(.text)
    __set_errno                              0x00000249   Thumb Code    12  _rserrno.o(.text)
    __aeabi_errno_addr                       0x00000255   Thumb Code    12  rt_errno_addr_intlibspace.o(.text)
    __errno$intlibspace                      0x00000255   Thumb Code     0  rt_errno_addr_intlibspace.o(.text)
    __rt_errno_addr$intlibspace              0x00000255   Thumb Code     0  rt_errno_addr_intlibspace.o(.text)
    __user_libspace                          0x00000261   Thumb Code     8  libspace.o(.text)
    __user_perproc_libspace                  0x00000261   Thumb Code     0  libspace.o(.text)
    __user_perthread_libspace                0x00000261   Thumb Code     0  libspace.o(.text)
    __user_setup_stackheap                   0x00000269   Thumb Code    74  sys_stackheap_outer.o(.text)
    exit                                     0x000002b3   Thumb Code    12  exit.o(.text)
    _sys_exit                                0x000002c1   Thumb Code    16  sys_exit.o(.text)
    __I$use$semihosting                      0x000002d5   Thumb Code     0  use_no_semi.o(.text)
    __use_no_semihosting_swi                 0x000002d5   Thumb Code     2  use_no_semi.o(.text)
    __fpl_dcheck_NaN2                        0x000002d9   Thumb Code    10  dcheck.o(x$fpl$dcheck)
    __fpl_dcheck_NaN1                        0x000002e9   Thumb Code    10  dcheck1.o(x$fpl$dcheck1)
    __I$use$fp                               0x000002f9   Thumb Code     0  usenofp.o(x$fpl$usenofp)
    SystemInit                               0x00000301   Thumb Code   510  system_lpc17xx.o(.text)
    crc_chk_value                            0x00000519   Thumb Code    58  main.o(.text)
    SSP0_Init                                0x00000553   Thumb Code    76  main.o(.text)
    SSP0_IRQHandler                          0x0000059f   Thumb Code   432  main.o(.text)
    SelSector                                0x0000074f   Thumb Code    30  main.o(.text)
    EraseSector                              0x0000076d   Thumb Code    36  main.o(.text)
    RamToFlash                               0x00000791   Thumb Code    40  main.o(.text)
    Compare                                  0x000007b9   Thumb Code    34  main.o(.text)
    read_sec                                 0x000007db   Thumb Code    28  main.o(.text)
    read_sec1                                0x000007f7   Thumb Code    28  main.o(.text)
    delay                                    0x00000813   Thumb Code    22  main.o(.text)
    CAN1_SendMessage                         0x00000829   Thumb Code   118  main.o(.text)
    CAN_IRQHandler                           0x0000089f   Thumb Code   468  main.o(.text)
    CAN_Init                                 0x00000a73   Thumb Code    86  main.o(.text)
    CAN_INIT                                 0x00000ac9   Thumb Code   116  main.o(.text)
    CAN_SetACCF_Lookup                       0x00000b3d   Thumb Code   270  main.o(.text)
    CAN_SetACCF                              0x00000c4b   Thumb Code    96  main.o(.text)
    ClrRevFIFO                               0x00000cab   Thumb Code    36  main.o(.text)
    ClrRevFIFO1                              0x00000ccf   Thumb Code    36  main.o(.text)
    UART0_Init                               0x00000cf3   Thumb Code   158  main.o(.text)
    UART3_Init                               0x00000d91   Thumb Code   268  main.o(.text)
    UART0_GetByte                            0x00000e9d   Thumb Code    30  main.o(.text)
    UART0_SendByte                           0x00000ebb   Thumb Code    30  main.o(.text)
    UART3_GetByte                            0x00000ed9   Thumb Code    30  main.o(.text)
    UART3_SendByte                           0x00000ef7   Thumb Code    30  main.o(.text)
    RTC_IRQHandler                           0x00000f15   Thumb Code    26  main.o(.text)
    RTCInit                                  0x00000f2f   Thumb Code    56  main.o(.text)
    RTCStart                                 0x00000f67   Thumb Code    18  main.o(.text)
    RTCStop                                  0x00000f79   Thumb Code    14  main.o(.text)
    RTC_CTCReset                             0x00000f87   Thumb Code    14  main.o(.text)
    RTCSetTime                               0x00000f95   Thumb Code    58  main.o(.text)
    RTCSetAlarm                              0x00000fcf   Thumb Code    62  main.o(.text)
    RTCGetTime                               0x0000100d   Thumb Code    80  main.o(.text)
    RTCSetAlarmMask                          0x0000105d   Thumb Code     6  main.o(.text)
    crc_chk                                  0x00001063   Thumb Code    56  main.o(.text)
    I2c0_Init                                0x0000109b   Thumb Code   106  main.o(.text)
    I2c0_Recv                                0x00001105   Thumb Code   436  main.o(.text)
    I2c0_Send                                0x000012b9   Thumb Code   160  main.o(.text)
    Parameter_init                           0x00001359   Thumb Code  1662  main.o(.text)
    agreement_transform                      0x000019d7   Thumb Code  2266  main.o(.text)
    screen_Parameter                         0x000022b1   Thumb Code   208  main.o(.text)
    SPI_communication                        0x00002381   Thumb Code   860  main.o(.text)
    GZ_init                                  0x000026dd   Thumb Code   230  main.o(.text)
    GPIO_init                                0x000027c3   Thumb Code   122  main.o(.text)
    TIME_init                                0x0000283d   Thumb Code   118  main.o(.text)
    Dial_switch                              0x000028b3   Thumb Code  1270  main.o(.text)
    Start_judge                              0x00002da9   Thumb Code   168  main.o(.text)
    error_handle                             0x00002e51   Thumb Code   820  main.o(.text)
    M_cj_handle                              0x00003185   Thumb Code  2442  main.o(.text)
    bag                                      0x00003b0f   Thumb Code  5666  main.o(.text)
    uart_chubu                               0x00005131   Thumb Code   724  main.o(.text)
    ask_handle                               0x00005405   Thumb Code  1580  main.o(.text)
    suanfa                                   0x00005a31   Thumb Code  5830  main.o(.text)
    can_chuli                                0x000070f7   Thumb Code  2144  main.o(.text)
    main                                     0x00007957   Thumb Code   674  main.o(.text)
    dw_fc1                                   0x00007bf9   Thumb Code   130  main.o(.text)
    dw_errlist                               0x00007c7b   Thumb Code  1962  main.o(.text)
    dw_display1                              0x00008425   Thumb Code 23222  main.o(.text)
    dw_parametersave                         0x0000dedb   Thumb Code  1682  main.o(.text)
    dw_password                              0x0000e56d   Thumb Code   842  main.o(.text)
    dw_parameter                             0x0000e8b7   Thumb Code  2184  main.o(.text)
    dw_state                                 0x0000f13f   Thumb Code   702  main.o(.text)
    dw_clear                                 0x0000f3fd   Thumb Code  1892  main.o(.text)
    dw_screeninit                            0x0000fb61   Thumb Code   544  main.o(.text)
    diwen_handle1                            0x0000fd81   Thumb Code   338  main.o(.text)
    dw_fc                                    0x0000fed3   Thumb Code   290  main.o(.text)
    dw_display                               0x0000fff5   Thumb Code 11200  main.o(.text)
    diwen_chuli                              0x00012bb5   Thumb Code   444  main.o(.text)
    bigscreen_chuli                          0x00012d71   Thumb Code  1984  main.o(.text)
    smallscreen_chuli                        0x00013531   Thumb Code  1640  main.o(.text)
    shangweiji_chuli                         0x00013b99   Thumb Code  3688  main.o(.text)
    host_com                                 0x00014a01   Thumb Code  1542  main.o(.text)
    other_com                                0x00015007   Thumb Code  4702  main.o(.text)
    UART0_IRQHandler                         0x00016265   Thumb Code   238  main.o(.text)
    UART3_IRQHandler                         0x00016353   Thumb Code   306  main.o(.text)
    __ieee754_rem_pio2                       0x000164f5   Thumb Code   642  rred.o(i.__ieee754_rem_pio2)
    __kernel_cos                             0x000167d9   Thumb Code   222  cos_i.o(i.__kernel_cos)
    __kernel_poly                            0x000168d5   Thumb Code   162  poly.o(i.__kernel_poly)
    __kernel_sin                             0x00016979   Thumb Code   222  sin_i.o(i.__kernel_sin)
    sin                                      0x00016a65   Thumb Code   136  sin.o(i.sin)
    sqrt                                     0x00016b05   Thumb Code    62  sqrt.o(i.sqrt)
    __aeabi_d2f                              0x00016b59   Thumb Code     0  d2f.o(x$fpl$d2f)
    _d2f                                     0x00016b59   Thumb Code   142  d2f.o(x$fpl$d2f)
    __fpl_inf_d2f                            0x00016be1   Thumb Code     0  d2f.o(x$fpl$d2f)
    __aeabi_dadd                             0x00016bed   Thumb Code     0  daddsub_clz.o(x$fpl$dadd)
    _dadd                                    0x00016bed   Thumb Code   424  daddsub_clz.o(x$fpl$dadd)
    __fpl_inf_dadd                           0x00016d5f   Thumb Code     0  daddsub_clz.o(x$fpl$dadd)
    __fpl_dcmp_InfNaN                        0x00016da5   Thumb Code   120  dcmpin.o(x$fpl$dcmpinfnan)
    __fpl_inf_dcmp                           0x00016dc7   Thumb Code     0  dcmpin.o(x$fpl$dcmpinfnan)
    __fpl_fcmp_InfNaN                        0x00016e1d   Thumb Code    88  fcmpin.o(x$fpl$dcmpinfnan)
    __fpl_inf_fcmp                           0x00016e31   Thumb Code     0  fcmpin.o(x$fpl$dcmpinfnan)
    __aeabi_ddiv                             0x00016e75   Thumb Code     0  ddiv.o(x$fpl$ddiv)
    _ddiv                                    0x00016e75   Thumb Code   428  ddiv.o(x$fpl$ddiv)
    __fpl_inf_ddiv                           0x00016fe9   Thumb Code     0  ddiv.o(x$fpl$ddiv)
    _ddiv_mantissas                          0x00017021   Thumb Code   324  ddiv.o(x$fpl$ddiv)
    __aeabi_d2iz                             0x00017275   Thumb Code     0  dfix.o(x$fpl$dfix)
    _dfix                                    0x00017275   Thumb Code   150  dfix.o(x$fpl$dfix)
    __fpl_inf_dfix                           0x00017301   Thumb Code     0  dfix.o(x$fpl$dfix)
    __aeabi_d2uiz                            0x00017311   Thumb Code     0  dfixu.o(x$fpl$dfixu)
    _dfixu                                   0x00017311   Thumb Code   110  dfixu.o(x$fpl$dfixu)
    __fpl_inf_dfixu                          0x00017379   Thumb Code     0  dfixu.o(x$fpl$dfixu)
    __aeabi_i2d                              0x00017385   Thumb Code     0  dflt_clz.o(x$fpl$dflt)
    _dflt                                    0x00017385   Thumb Code    44  dflt_clz.o(x$fpl$dflt)
    __dflt_normalise                         0x00017393   Thumb Code     0  dflt_clz.o(x$fpl$dflt)
    __aeabi_ui2d                             0x000173b1   Thumb Code     0  dflt_clz.o(x$fpl$dfltu)
    _dfltu                                   0x000173b1   Thumb Code    10  dflt_clz.o(x$fpl$dfltu)
    __aeabi_cdcmple                          0x000173bd   Thumb Code     0  dleqf.o(x$fpl$dleqf)
    _dcmple                                  0x000173bd   Thumb Code   106  dleqf.o(x$fpl$dleqf)
    __aeabi_dmul                             0x0001742d   Thumb Code     0  dmul.o(x$fpl$dmul)
    _dmul                                    0x0001742d   Thumb Code   440  dmul.o(x$fpl$dmul)
    __fpl_inf_dmul                           0x000175b7   Thumb Code     0  dmul.o(x$fpl$dmul)
    _drem                                    0x000175f5   Thumb Code   396  drem_clz.o(x$fpl$drem)
    __fpl_inf_drem                           0x00017751   Thumb Code     0  drem_clz.o(x$fpl$drem)
    __aeabi_cdrcmple                         0x0001778d   Thumb Code     0  drleqf.o(x$fpl$drleqf)
    _drcmple                                 0x0001778d   Thumb Code   130  drleqf.o(x$fpl$drleqf)
    __aeabi_drsub                            0x00017815   Thumb Code     0  daddsub_clz.o(x$fpl$drsb)
    _drsb                                    0x00017815   Thumb Code    22  daddsub_clz.o(x$fpl$drsb)
    _dsqrt                                   0x0001782d   Thumb Code   316  dsqrt.o(x$fpl$dsqrt)
    __fpl_inf_dsqrt                          0x00017955   Thumb Code     0  dsqrt.o(x$fpl$dsqrt)
    __aeabi_dsub                             0x00017971   Thumb Code     0  daddsub_clz.o(x$fpl$dsub)
    _dsub                                    0x00017971   Thumb Code   572  daddsub_clz.o(x$fpl$dsub)
    __fpl_inf_dsub                           0x00017b75   Thumb Code     0  daddsub_clz.o(x$fpl$dsub)
    __dunder                                 0x00017bb9   Thumb Code   234  dunder.o(x$fpl$dunder)
    __dunder_d                               0x00017ca3   Thumb Code     2  dunder.o(x$fpl$dunder)
    __aeabi_f2d                              0x00017ca5   Thumb Code     0  f2d.o(x$fpl$f2d)
    _f2d                                     0x00017ca5   Thumb Code    76  f2d.o(x$fpl$f2d)
    __fpl_inf_f2d                            0x00017ce9   Thumb Code     0  f2d.o(x$fpl$f2d)
    __aeabi_fadd                             0x00017cf5   Thumb Code     0  faddsub_clz.o(x$fpl$fadd)
    _fadd                                    0x00017cf5   Thumb Code   248  faddsub_clz.o(x$fpl$fadd)
    __fpl_inf_fadd                           0x00017dcf   Thumb Code     0  faddsub_clz.o(x$fpl$fadd)
    __fpl_fcheck_NaN2                        0x00017df5   Thumb Code     6  fcheck.o(x$fpl$fcheck)
    __fpl_fcheck_NaN1                        0x00017e01   Thumb Code     6  fcheck1.o(x$fpl$fcheck1)
    __aeabi_fdiv                             0x00017e0d   Thumb Code     0  fdiv.o(x$fpl$fdiv)
    _fdiv                                    0x00017e0d   Thumb Code   476  fdiv.o(x$fpl$fdiv)
    __fpl_inf_fdiv                           0x00017fb1   Thumb Code     0  fdiv.o(x$fpl$fdiv)
    __aeabi_f2iz                             0x00017ff1   Thumb Code     0  ffix.o(x$fpl$ffix)
    _ffix                                    0x00017ff1   Thumb Code   108  ffix.o(x$fpl$ffix)
    __fpl_inf_ffix                           0x00018053   Thumb Code     0  ffix.o(x$fpl$ffix)
    __aeabi_f2uiz                            0x00018061   Thumb Code     0  ffixu.o(x$fpl$ffixu)
    _ffixu                                   0x00018061   Thumb Code    82  ffixu.o(x$fpl$ffixu)
    __fpl_inf_ffixu                          0x000180ad   Thumb Code     0  ffixu.o(x$fpl$ffixu)
    __aeabi_i2f                              0x000180b9   Thumb Code     0  fflt_clz.o(x$fpl$fflt)
    _fflt                                    0x000180b9   Thumb Code    50  fflt_clz.o(x$fpl$fflt)
    __fflt_normalise                         0x000180c5   Thumb Code     0  fflt_clz.o(x$fpl$fflt)
    __aeabi_ui2f                             0x000180eb   Thumb Code     0  fflt_clz.o(x$fpl$ffltu)
    _ffltu                                   0x000180eb   Thumb Code     8  fflt_clz.o(x$fpl$ffltu)
    __aeabi_fmul                             0x000180f5   Thumb Code     0  fmul.o(x$fpl$fmul)
    _fmul                                    0x000180f5   Thumb Code   258  fmul.o(x$fpl$fmul)
    __fpl_inf_fmul                           0x000181e1   Thumb Code     0  fmul.o(x$fpl$fmul)
    __fpl_normalise2                         0x000181fd   Thumb Code    74  fnorm2_clz.o(x$fpl$fnorm2)
    __aeabi_cfrcmple                         0x00018249   Thumb Code     0  frleqf.o(x$fpl$frleqf)
    _frcmple                                 0x00018249   Thumb Code   102  frleqf.o(x$fpl$frleqf)
    __aeabi_fsub                             0x000182b5   Thumb Code     0  faddsub_clz.o(x$fpl$fsub)
    _fsub                                    0x000182b5   Thumb Code   282  faddsub_clz.o(x$fpl$fsub)
    __fpl_inf_fsub                           0x000183af   Thumb Code     0  faddsub_clz.o(x$fpl$fsub)
    __funder                                 0x000183d9   Thumb Code   132  funder.o(x$fpl$funder)
    __funder_d                               0x0001845d   Thumb Code     2  funder.o(x$fpl$funder)
    __fpl_return_NaN                         0x0001845f   Thumb Code   100  retnan.o(x$fpl$retnan)
    __ARM_scalbn                             0x000184c3   Thumb Code     0  scalbn.o(x$fpl$scalbn)
    scalbn                                   0x000184c3   Thumb Code    96  scalbn.o(x$fpl$scalbn)
    __fpl_inf_scalbn                         0x00018521   Thumb Code     0  scalbn.o(x$fpl$scalbn)
    __fpl_cmpreturn                          0x00018523   Thumb Code    48  trapv.o(x$fpl$trapveneer)
    Region$$Table$$Base                      0x00018670   Number         0  anon$$obj.o(Region$$Table)
    Region$$Table$$Limit                     0x00018690   Number         0  anon$$obj.o(Region$$Table)
    SystemFrequency                          0x10000000   Data           4  system_lpc17xx.o(.data)
    address                                  0x10000008   Data           4  main.o(.data)
    alarm_on                                 0x1000000c   Data           4  main.o(.data)
    ask_ID                                   0x10000010   Data           9  main.o(.data)
    page_change                              0x10000019   Data           9  main.o(.data)
    send1                                    0x10000022   Data         250  main.o(.data)
    send2                                    0x1000011c   Data         250  main.o(.data)
    ask_data                                 0x10000216   Data          10  main.o(.data)
    save_Par                                 0x10000220   Data         250  main.o(.data)
    ask_Parameter                            0x1000031a   Data           9  main.o(.data)
    shangweiji_buf                           0x10000323   Data         250  main.o(.data)
    jishu                                    0x1000041e   Data           2  main.o(.data)
    CANStatus                                0x10000420   Data           4  main.o(.data)
    i_bl                                     0x10000424   Data           4  main.o(.data)
    xiazai                                   0x10000428   Data           1  main.o(.data)
    duqv                                     0x10000429   Data           1  main.o(.data)
    pointer16                                0x1000042c   Data           4  main.o(.data)
    uart3_Par                                0x10000430   Data           1  main.o(.data)
    var_yu                                   0x10000431   Data           1  main.o(.data)
    uart3_cycle                              0x10000432   Data           1  main.o(.data)
    more_cycle                               0x10000433   Data           1  main.o(.data)
    more_save                                0x10000434   Data           1  main.o(.data)
    more_rep                                 0x10000435   Data           1  main.o(.data)
    even_rep                                 0x10000436   Data           1  main.o(.data)
    var1                                     0x10000438   Data           2  main.o(.data)
    var2                                     0x1000043a   Data           2  main.o(.data)
    more_kaiguan                             0x1000043c   Data           7  main.o(.data)
    more_reckai                              0x10000443   Data           1  main.o(.data)
    more_kai                                 0x10000444   Data           1  main.o(.data)
    uart_jd1                                 0x10000445   Data           1  main.o(.data)
    y_counter                                0x10000446   Data           2  main.o(.data)
    mo_counter                               0x10000448   Data           2  main.o(.data)
    d_counter                                0x1000044a   Data           2  main.o(.data)
    h_counter                                0x1000044c   Data           2  main.o(.data)
    mi_counter                               0x1000044e   Data           2  main.o(.data)
    miz_counter                              0x10000450   Data           2  main.o(.data)
    cj_counter                               0x10000452   Data           1  main.o(.data)
    dev_mode                                 0x10000453   Data           1  main.o(.data)
    led1_flag                                0x10000454   Data           1  main.o(.data)
    led2_flag                                0x10000455   Data           1  main.o(.data)
    led3_flag                                0x10000456   Data           1  main.o(.data)
    yuancheng                                0x10000457   Data           1  main.o(.data)
    I_pd                                     0x10000458   Data           1  main.o(.data)
    delay_active                             0x10000459   Data           1  main.o(.data)
    delay_start                              0x1000045a   Data           1  main.o(.data)
    wendu_flag                               0x1000045b   Data           1  main.o(.data)
    i_shangweiji                             0x1000045c   Data           1  main.o(.data)
    save_flag                                0x1000045d   Data           1  main.o(.data)
    gz_zheng                                 0x1000045e   Data           1  main.o(.data)
    gz_yu                                    0x1000045f   Data           1  main.o(.data)
    gz_danID                                 0x10000460   Data           1  main.o(.data)
    gz_dancun                                0x10000461   Data           1  main.o(.data)
    screen_mode                              0x10000462   Data           1  main.o(.data)
    shebei_mode                              0x10000463   Data           1  main.o(.data)
    shangweiji_gz                            0x10000464   Data           1  main.o(.data)
    he                                       0x10000466   Data           2  main.o(.data)
    he1                                      0x10000468   Data           2  main.o(.data)
    var_ot                                   0x1000046a   Data           2  main.o(.data)
    var_a                                    0x1000046c   Data           2  main.o(.data)
    var_b                                    0x1000046e   Data           2  main.o(.data)
    var_c                                    0x10000470   Data           2  main.o(.data)
    cjgz_flag                                0x10000472   Data           1  main.o(.data)
    cjgz_suc                                 0x10000473   Data           1  main.o(.data)
    cjgz_ji                                  0x10000474   Data           1  main.o(.data)
    screen_door                              0x10000475   Data           1  main.o(.data)
    password_pass                            0x10000476   Data           1  main.o(.data)
    cor_page                                 0x10000477   Data           1  main.o(.data)
    jiyi_ID                                  0x10000478   Data           2  main.o(.data)
    jiyi_ID2                                 0x1000047a   Data           2  main.o(.data)
    flash_init                               0x1000047c   Data           1  main.o(.data)
    u_gzbianliang                            0x1000047d   Data           1  main.o(.data)
    change                                   0x1000047e   Data           1  main.o(.data)
    u_abc                                    0x1000047f   Data           1  main.o(.data)
    xianshi_xiu                              0x10000480   Data           1  main.o(.data)
    i_bianliang                              0x10000482   Data           2  main.o(.data)
    u_s1                                     0x10000484   Data           2  main.o(.data)
    d_zongshu                                0x10000488   Data           4  main.o(.data)
    d_zongshu1                               0x1000048c   Data           4  main.o(.data)
    d_sina1                                  0x10000490   Data           4  main.o(.data)
    d_sina                                   0x10000494   Data           4  main.o(.data)
    d_s                                      0x10000498   Data           4  main.o(.data)
    d_zongshuI                               0x1000049c   Data           4  main.o(.data)
    d_zongshuI1                              0x100004a0   Data           4  main.o(.data)
    jisuanI1                                 0x100004a4   Data           4  main.o(.data)
    jisuanI2                                 0x100004a8   Data           4  main.o(.data)
    jisuanI3                                 0x100004ac   Data           4  main.o(.data)
    jisuanI4                                 0x100004b0   Data           4  main.o(.data)
    jisuanV1                                 0x100004b4   Data           4  main.o(.data)
    jisuanI5                                 0x100004b8   Data           4  main.o(.data)
    jisuanI6                                 0x100004bc   Data           4  main.o(.data)
    jisuanI7                                 0x100004c0   Data           4  main.o(.data)
    jisuanI8                                 0x100004c4   Data           4  main.o(.data)
    jisuanI9                                 0x100004c8   Data           4  main.o(.data)
    jisuanI10                                0x100004cc   Data           4  main.o(.data)
    jisuanI11                                0x100004d0   Data           4  main.o(.data)
    jisuanI12                                0x100004d4   Data           4  main.o(.data)
    i                                        0x100004d8   Data           1  main.o(.data)
    b                                        0x100004d9   Data           1  main.o(.data)
    pointer8                                 0x100004dc   Data           4  main.o(.data)
    ii                                       0x100004e0   Data           2  main.o(.data)
    ii_yanchi                                0x100004e2   Data           2  main.o(.data)
    xuliezongshu                             0x100004e4   Data           2  main.o(.data)
    Crc_data                                 0x100004e6   Data           2  main.o(.data)
    moshi_sj                                 0x100004e8   Data           2  main.o(.data)
    moshi_zt                                 0x100004ea   Data           2  main.o(.data)
    cj_ID                                    0x100004ec   Data           2  main.o(.data)
    u3_tou                                   0x100004ee   Data           2  main.o(.data)
    yanshi                                   0x100004f0   Data           2  main.o(.data)
    pclock                                   0x100004f8   Data           8  main.o(.data)
    dizhi                                    0x10000500   Data           4  main.o(.data)
    no_xianshi                               0x10000504   Data           1  main.o(.data)
    i_u                                      0x10000505   Data           1  main.o(.data)
    i_1                                      0x10000506   Data           1  main.o(.data)
    ii_u                                     0x10000508   Data           2  main.o(.data)
    ii_0                                     0x1000050a   Data           2  main.o(.data)
    ii_1                                     0x1000050c   Data           2  main.o(.data)
    ii_awp                                   0x1000050e   Data           2  main.o(.data)
    dsp_data                                 0x10000510   Data        1600  main.o(.bss)
    ssp0                                     0x10000b50   Data         820  main.o(.bss)
    paramin                                  0x10000e84   Data          32  main.o(.bss)
    paramout                                 0x10000ea4   Data          32  main.o(.bss)
    buf_Read                                 0x10000ec4   Data         512  main.o(.bss)
    MsgBuf_TX1                               0x100010c4   Data          16  main.o(.bss)
    MsgBuf_TX2                               0x100010d4   Data          16  main.o(.bss)
    local_time                               0x100010e4   Data          32  main.o(.bss)
    alarm_time                               0x10001104   Data          32  main.o(.bss)
    current_time                             0x10001124   Data          32  main.o(.bss)
    Parameter                                0x10001144   Data         880  main.o(.bss)
    Parameter1                               0x100014b4   Data         880  main.o(.bss)
    bj                                       0x10001824   Data         200  main.o(.bss)
    gz_dan                                   0x100018ec   Data        1060  main.o(.bss)
    send_3                                   0x10001d10   Data          10  main.o(.bss)
    cj_data1                                 0x10001d1a   Data        1360  main.o(.bss)
    cj_data2                                 0x1000226a   Data        1360  main.o(.bss)
    cj_data3                                 0x100027ba   Data        1360  main.o(.bss)
    cj_data4                                 0x10002d0a   Data        1360  main.o(.bss)
    cj_data5                                 0x1000325a   Data        1360  main.o(.bss)
    cj_data6                                 0x100037aa   Data        1360  main.o(.bss)
    cj_dataz                                 0x10003cfa   Data        1360  main.o(.bss)
    cj_gz                                    0x1000424a   Data        1010  main.o(.bss)
    dsp_data2                                0x1000463c   Data         600  main.o(.bss)
    dsp_data3                                0x10004894   Data         100  main.o(.bss)
    dsp_data4                                0x100048f8   Data        2320  main.o(.bss)
    big_Parameter                            0x10005208   Data         218  main.o(.bss)
    small_Parameter                          0x100052e2   Data          28  main.o(.bss)
    BigParameter                             0x100052fe   Data          50  main.o(.bss)
    SmallParameter                           0x10005330   Data          11  main.o(.bss)
    dj_correction                            0x1000533b   Data          50  main.o(.bss)
    i_u_xw                                   0x1000536e   Data          20  main.o(.bss)
    i_i_xw1                                  0x10005382   Data          20  main.o(.bss)
    d_data                                   0x10005398   Data        2800  main.o(.bss)
    Rec_data                                 0x10005e88   Data         255  main.o(.bss)
    Rec_data3                                0x10005f87   Data         255  main.o(.bss)
    canshu                                   0x10006086   Data         802  main.o(.bss)
    canshu_zhong                             0x100063a8   Data          42  main.o(.bss)
    xulie                                    0x100063d2   Data          38  main.o(.bss)
    i_suanfa                                 0x100063f8   Data          80  main.o(.bss)
    i_xiebo                                  0x10006448   Data        1400  main.o(.bss)
    i_i_xw                                   0x100069c0   Data         600  main.o(.bss)
    i_i_csxw                                 0x10006c18   Data         600  main.o(.bss)
    __libspace_start                         0x10006e70   Data          96  libspace.o(.bss)
    __temporary_stack_top$libspace           0x10006ed0   Data           0  libspace.o(.bss)



==============================================================================

Memory Map of the image

  Image Entry point : 0x000000c5

  Load Region LR_IROM1 (Base: 0x00000000, Size: 0x00018ba0, Max: 0x00080000, ABSOLUTE, COMPRESSED[0x000186c0])

    Execution Region ER_IROM1 (Base: 0x00000000, Size: 0x00018690, Max: 0x00080000, ABSOLUTE)

    Base Addr    Size         Type   Attr      Idx    E Section Name        Object

    0x00000000   0x000000c4   Data   RO            3    RESET               startup_lpc17xx.o
    0x000000c4   0x00000008   Code   RO          105  * !!!main             __main.o(c_w.l)
    0x000000cc   0x00000034   Code   RO          383    !!!scatter          __scatter.o(c_w.l)
    0x00000100   0x0000005a   Code   RO          381    !!dczerorl2         __dczerorl2.o(c_w.l)
    0x0000015a   0x00000002   PAD
    0x0000015c   0x0000001c   Code   RO          385    !!handler_zi        __scatter_zi.o(c_w.l)
    0x00000178   0x00000006   Code   RO          259    .ARM.Collect$$libinit$$00000000  libinit.o(c_w.l)
    0x0000017e   0x00000000   Code   RO          264    .ARM.Collect$$libinit$$00000006  libinit2.o(c_w.l)
    0x0000017e   0x00000000   Code   RO          266    .ARM.Collect$$libinit$$00000008  libinit2.o(c_w.l)
    0x0000017e   0x00000000   Code   RO          268    .ARM.Collect$$libinit$$0000000A  libinit2.o(c_w.l)
    0x0000017e   0x00000000   Code   RO          271    .ARM.Collect$$libinit$$0000000D  libinit2.o(c_w.l)
    0x0000017e   0x00000000   Code   RO          273    .ARM.Collect$$libinit$$0000000F  libinit2.o(c_w.l)
    0x0000017e   0x00000000   Code   RO          275    .ARM.Collect$$libinit$$00000011  libinit2.o(c_w.l)
    0x0000017e   0x00000000   Code   RO          277    .ARM.Collect$$libinit$$00000013  libinit2.o(c_w.l)
    0x0000017e   0x00000000   Code   RO          279    .ARM.Collect$$libinit$$00000015  libinit2.o(c_w.l)
    0x0000017e   0x00000000   Code   RO          281    .ARM.Collect$$libinit$$00000017  libinit2.o(c_w.l)
    0x0000017e   0x00000000   Code   RO          283    .ARM.Collect$$libinit$$00000019  libinit2.o(c_w.l)
    0x0000017e   0x00000000   Code   RO          285    .ARM.Collect$$libinit$$0000001B  libinit2.o(c_w.l)
    0x0000017e   0x00000000   Code   RO          287    .ARM.Collect$$libinit$$0000001D  libinit2.o(c_w.l)
    0x0000017e   0x00000000   Code   RO          289    .ARM.Collect$$libinit$$0000001F  libinit2.o(c_w.l)
    0x0000017e   0x00000000   Code   RO          291    .ARM.Collect$$libinit$$00000021  libinit2.o(c_w.l)
    0x0000017e   0x00000000   Code   RO          295    .ARM.Collect$$libinit$$00000028  libinit2.o(c_w.l)
    0x0000017e   0x00000000   Code   RO          297    .ARM.Collect$$libinit$$0000002A  libinit2.o(c_w.l)
    0x0000017e   0x00000000   Code   RO          299    .ARM.Collect$$libinit$$0000002C  libinit2.o(c_w.l)
    0x0000017e   0x00000000   Code   RO          301    .ARM.Collect$$libinit$$0000002E  libinit2.o(c_w.l)
    0x0000017e   0x00000002   Code   RO          302    .ARM.Collect$$libinit$$0000002F  libinit2.o(c_w.l)
    0x00000180   0x00000002   Code   RO          323    .ARM.Collect$$libshutdown$$00000000  libshutdown.o(c_w.l)
    0x00000182   0x00000000   Code   RO          336    .ARM.Collect$$libshutdown$$00000003  libshutdown2.o(c_w.l)
    0x00000182   0x00000000   Code   RO          339    .ARM.Collect$$libshutdown$$00000006  libshutdown2.o(c_w.l)
    0x00000182   0x00000000   Code   RO          342    .ARM.Collect$$libshutdown$$00000009  libshutdown2.o(c_w.l)
    0x00000182   0x00000000   Code   RO          344    .ARM.Collect$$libshutdown$$0000000B  libshutdown2.o(c_w.l)
    0x00000182   0x00000000   Code   RO          347    .ARM.Collect$$libshutdown$$0000000E  libshutdown2.o(c_w.l)
    0x00000182   0x00000002   Code   RO          348    .ARM.Collect$$libshutdown$$0000000F  libshutdown2.o(c_w.l)
    0x00000184   0x00000000   Code   RO          169    .ARM.Collect$$rtentry$$00000000  rtentry.o(c_w.l)
    0x00000184   0x00000000   Code   RO          212    .ARM.Collect$$rtentry$$00000002  rtentry2.o(c_w.l)
    0x00000184   0x00000006   Code   RO          227    .ARM.Collect$$rtentry$$00000004  rtentry4.o(c_w.l)
    0x0000018a   0x00000000   Code   RO          214    .ARM.Collect$$rtentry$$00000009  rtentry2.o(c_w.l)
    0x0000018a   0x00000004   Code   RO          215    .ARM.Collect$$rtentry$$0000000A  rtentry2.o(c_w.l)
    0x0000018e   0x00000000   Code   RO          217    .ARM.Collect$$rtentry$$0000000C  rtentry2.o(c_w.l)
    0x0000018e   0x00000008   Code   RO          218    .ARM.Collect$$rtentry$$0000000D  rtentry2.o(c_w.l)
    0x00000196   0x00000000   Code   RO          260    .ARM.Collect$$rtexit$$00000000  rtexit.o(c_w.l)
    0x00000196   0x00000000   Code   RO          306    .ARM.Collect$$rtexit$$00000002  rtexit2.o(c_w.l)
    0x00000196   0x00000004   Code   RO          307    .ARM.Collect$$rtexit$$00000003  rtexit2.o(c_w.l)
    0x0000019a   0x00000004   Code   RO          308    .ARM.Collect$$rtexit$$00000004  rtexit2.o(c_w.l)
    0x0000019e   0x00000002   PAD
    0x000001a0   0x00000034   Code   RO            5    .text               startup_lpc17xx.o
    0x000001d4   0x00000064   Code   RO          101    .text               rt_memcpy_w.o(c_w.l)
    0x00000238   0x00000006   Code   RO          103    .text               heapauxi.o(c_w.l)
    0x0000023e   0x00000016   Code   RO          171    .text               _rserrno.o(c_w.l)
    0x00000254   0x0000000c   Code   RO          232    .text               rt_errno_addr_intlibspace.o(c_w.l)
    0x00000260   0x00000008   Code   RO          246    .text               libspace.o(c_w.l)
    0x00000268   0x0000004a   Code   RO          249    .text               sys_stackheap_outer.o(c_w.l)
    0x000002b2   0x0000000c   Code   RO          251    .text               exit.o(c_w.l)
    0x000002be   0x00000002   PAD
    0x000002c0   0x00000014   Code   RO          315    .text               sys_exit.o(c_w.l)
    0x000002d4   0x00000002   Code   RO          326    .text               use_no_semi.o(c_w.l)
    0x000002d6   0x00000002   PAD
    0x000002d8   0x00000010   Code   RO          173    x$fpl$dcheck        dcheck.o(fz_ws.l)
    0x000002e8   0x00000010   Code   RO          175    x$fpl$dcheck1       dcheck1.o(fz_ws.l)
    0x000002f8   0x00000000   Code   RO          201    x$fpl$usenofp       usenofp.o(fz_ws.l)
    0x000002f8   0x00000004   PAD
    0x000002fc   0x00000004   Code   RO            4    .ARM.__at_0x02FC    startup_lpc17xx.o
    0x00000300   0x00000218   Code   RO           13    .text               system_lpc17xx.o
    0x00000518   0x00015fdc   Code   RO           41    .text               main.o
    0x000164f4   0x000002e4   Code   RO          205    i.__ieee754_rem_pio2  rred.o(m_ws.l)
    0x000167d8   0x000000fc   Code   RO          202    i.__kernel_cos      cos_i.o(m_ws.l)
    0x000168d4   0x000000a2   Code   RO          244    i.__kernel_poly     poly.o(m_ws.l)
    0x00016976   0x00000002   PAD
    0x00016978   0x000000ec   Code   RO          208    i.__kernel_sin      sin_i.o(m_ws.l)
    0x00016a64   0x000000a0   Code   RO          162    i.sin               sin.o(m_ws.l)
    0x00016b04   0x00000054   Code   RO          166    i.sqrt              sqrt.o(m_ws.l)
    0x00016b58   0x00000094   Code   RO          107    x$fpl$d2f           d2f.o(fz_ws.l)
    0x00016bec   0x000001b8   Code   RO          109    x$fpl$dadd          daddsub_clz.o(fz_ws.l)
    0x00016da4   0x00000078   Code   RO          177    x$fpl$dcmpinfnan    dcmpin.o(fz_ws.l)
    0x00016e1c   0x00000058   Code   RO          187    x$fpl$dcmpinfnan    fcmpin.o(fz_ws.l)
    0x00016e74   0x00000400   Code   RO          116    x$fpl$ddiv          ddiv.o(fz_ws.l)
    0x00017274   0x0000009c   Code   RO          234    x$fpl$dfix          dfix.o(fz_ws.l)
    0x00017310   0x00000074   Code   RO          119    x$fpl$dfixu         dfixu.o(fz_ws.l)
    0x00017384   0x0000002c   Code   RO          124    x$fpl$dflt          dflt_clz.o(fz_ws.l)
    0x000173b0   0x0000000a   Code   RO          123    x$fpl$dfltu         dflt_clz.o(fz_ws.l)
    0x000173ba   0x00000002   PAD
    0x000173bc   0x00000070   Code   RO          127    x$fpl$dleqf         dleqf.o(fz_ws.l)
    0x0001742c   0x000001c8   Code   RO          129    x$fpl$dmul          dmul.o(fz_ws.l)
    0x000175f4   0x00000198   Code   RO          238    x$fpl$drem          drem_clz.o(fz_ws.l)
    0x0001778c   0x00000088   Code   RO          131    x$fpl$drleqf        drleqf.o(fz_ws.l)
    0x00017814   0x00000016   Code   RO          110    x$fpl$drsb          daddsub_clz.o(fz_ws.l)
    0x0001782a   0x00000002   PAD
    0x0001782c   0x00000144   Code   RO          179    x$fpl$dsqrt         dsqrt.o(fz_ws.l)
    0x00017970   0x00000248   Code   RO          111    x$fpl$dsub          daddsub_clz.o(fz_ws.l)
    0x00017bb8   0x000000ec   Code   RO          181    x$fpl$dunder        dunder.o(fz_ws.l)
    0x00017ca4   0x00000050   Code   RO          133    x$fpl$f2d           f2d.o(fz_ws.l)
    0x00017cf4   0x00000100   Code   RO          135    x$fpl$fadd          faddsub_clz.o(fz_ws.l)
    0x00017df4   0x0000000c   Code   RO          183    x$fpl$fcheck        fcheck.o(fz_ws.l)
    0x00017e00   0x0000000c   Code   RO          185    x$fpl$fcheck1       fcheck1.o(fz_ws.l)
    0x00017e0c   0x000001e4   Code   RO          142    x$fpl$fdiv          fdiv.o(fz_ws.l)
    0x00017ff0   0x00000070   Code   RO          145    x$fpl$ffix          ffix.o(fz_ws.l)
    0x00018060   0x00000058   Code   RO          149    x$fpl$ffixu         ffixu.o(fz_ws.l)
    0x000180b8   0x00000032   Code   RO          154    x$fpl$fflt          fflt_clz.o(fz_ws.l)
    0x000180ea   0x00000008   Code   RO          153    x$fpl$ffltu         fflt_clz.o(fz_ws.l)
    0x000180f2   0x00000002   PAD
    0x000180f4   0x00000108   Code   RO          157    x$fpl$fmul          fmul.o(fz_ws.l)
    0x000181fc   0x0000004a   Code   RO          189    x$fpl$fnorm2        fnorm2_clz.o(fz_ws.l)
    0x00018246   0x00000002   PAD
    0x00018248   0x0000006c   Code   RO          159    x$fpl$frleqf        frleqf.o(fz_ws.l)
    0x000182b4   0x00000124   Code   RO          137    x$fpl$fsub          faddsub_clz.o(fz_ws.l)
    0x000183d8   0x00000086   Code   RO          191    x$fpl$funder        funder.o(fz_ws.l)
    0x0001845e   0x00000064   Code   RO          240    x$fpl$retnan        retnan.o(fz_ws.l)
    0x000184c2   0x00000060   Code   RO          196    x$fpl$scalbn        scalbn.o(fz_ws.l)
    0x00018522   0x00000030   Code   RO          242    x$fpl$trapveneer    trapv.o(fz_ws.l)
    0x00018552   0x00000006   PAD
    0x00018558   0x00000030   Data   RO          203    .constdata          cos_i.o(m_ws.l)
    0x00018588   0x000000c0   Data   RO          206    .constdata          rred.o(m_ws.l)
    0x00018648   0x00000028   Data   RO          209    .constdata          sin_i.o(m_ws.l)
    0x00018670   0x00000020   Data   RO          379    Region$$Table       anon$$obj.o


    Execution Region RW_IRAM1 (Base: 0x10000000, Size: 0x000076d0, Max: 0x00008000, ABSOLUTE, COMPRESSED[0x00000030])

    Base Addr    Size         Type   Attr      Idx    E Section Name        Object

    0x10000000   0x00000004   Data   RW           14    .data               system_lpc17xx.o
    0x10000004   0x00000004   PAD
    0x10000008   0x00000508   Data   RW           43    .data               main.o
    0x10000510   0x00006960   Zero   RW           42    .bss                main.o
    0x10006e70   0x00000060   Zero   RW          247    .bss                libspace.o(c_w.l)
    0x10006ed0   0x00000000   Zero   RW            2    HEAP                startup_lpc17xx.o
    0x10006ed0   0x00000800   Zero   RW            1    STACK               startup_lpc17xx.o


==============================================================================

Image component sizes


      Code (inc. data)   RO Data    RW Data    ZI Data      Debug   Object Name

     90076       4680          0       1288      26976      89107   main.o
        56         22        196          0       2048        680   startup_lpc17xx.o
       536         26          0          4          0       5007   system_lpc17xx.o

    ----------------------------------------------------------------------
     90668       4728        228       1296      29024      94794   Object Totals
         0          0         32          0          0          0   (incl. Generated)
         0          0          0          4          0          0   (incl. Padding)

    ----------------------------------------------------------------------

      Code (inc. data)   RO Data    RW Data    ZI Data      Debug   Library Member Name

        90          0          0          0          0          0   __dczerorl2.o
         8          0          0          0          0         68   __main.o
        52          8          0          0          0          0   __scatter.o
        28          0          0          0          0          0   __scatter_zi.o
        22          0          0          0          0         96   _rserrno.o
       252         30         48          0          0        112   cos_i.o
       148          6          0          0          0         68   d2f.o
      1046         28          0          0          0        320   daddsub_clz.o
        16          6          0          0          0         68   dcheck.o
        16          6          0          0          0         68   dcheck1.o
       120          0          0          0          0         84   dcmpin.o
      1024        272          0          0          0        160   ddiv.o
       156          6          0          0          0         76   dfix.o
       116          6          0          0          0         72   dfixu.o
        54          0          0          0          0        136   dflt_clz.o
       112          6          0          0          0         68   dleqf.o
       456         16          0          0          0        100   dmul.o
       408         12          0          0          0        100   drem_clz.o
       136          6          0          0          0         68   drleqf.o
       324          8          0          0          0        100   dsqrt.o
       236          0          0          0          0         92   dunder.o
        12          0          0          0          0         68   exit.o
        80          4          0          0          0         68   f2d.o
       548         18          0          0          0        136   faddsub_clz.o
        12          6          0          0          0         68   fcheck.o
        12          6          0          0          0         68   fcheck1.o
        88          0          0          0          0         68   fcmpin.o
       484         76          0          0          0         76   fdiv.o
       112          4          0          0          0         68   ffix.o
        88          6          0          0          0         68   ffixu.o
        58          0          0          0          0        136   fflt_clz.o
       264          6          0          0          0         68   fmul.o
        74          0          0          0          0         84   fnorm2_clz.o
       108          6          0          0          0         68   frleqf.o
       134          0          0          0          0         84   funder.o
         6          0          0          0          0        148   heapauxi.o
         6          0          0          0          0          0   libinit.o
         2          0          0          0          0          0   libinit2.o
         2          0          0          0          0          0   libshutdown.o
         2          0          0          0          0          0   libshutdown2.o
         8          4          0          0         96         68   libspace.o
       162          0          0          0          0         96   poly.o
       100          0          0          0          0         68   retnan.o
       740         98        192          0          0         96   rred.o
        12          6          0          0          0         68   rt_errno_addr_intlibspace.o
       100          0          0          0          0         80   rt_memcpy_w.o
         0          0          0          0          0          0   rtentry.o
        12          0          0          0          0          0   rtentry2.o
         6          0          0          0          0          0   rtentry4.o
         0          0          0          0          0          0   rtexit.o
         8          0          0          0          0          0   rtexit2.o
        96          0          0          0          0         68   scalbn.o
       160         24          0          0          0        100   sin.o
       236         14         40          0          0        128   sin_i.o
        84         22          0          0          0         84   sqrt.o
        20         10          0          0          0         68   sys_exit.o
        74          0          0          0          0         80   sys_stackheap_outer.o
        48          0          0          0          0         68   trapv.o
         2          0          0          0          0         68   use_no_semi.o
         0          0          0          0          0          0   usenofp.o

    ----------------------------------------------------------------------
      8808        726        280          0         96       4272   Library Totals
        28          0          0          0          0          0   (incl. Padding)

    ----------------------------------------------------------------------

      Code (inc. data)   RO Data    RW Data    ZI Data      Debug   Library Name

       472         28          0          0         96        812   c_w.l
      6674        510          0          0          0       2844   fz_ws.l
      1634        188        280          0          0        616   m_ws.l

    ----------------------------------------------------------------------
      8808        726        280          0         96       4272   Library Totals

    ----------------------------------------------------------------------

==============================================================================


      Code (inc. data)   RO Data    RW Data    ZI Data      Debug   

     99476       5454        508       1296      29120      96416   Grand Totals
     99476       5454        508         48      29120      96416   ELF Image Totals (compressed)
     99476       5454        508         48          0          0   ROM Totals

==============================================================================

    Total RO  Size (Code + RO Data)                99984 (  97.64kB)
    Total RW  Size (RW Data + ZI Data)             30416 (  29.70kB)
    Total ROM Size (Code + RO Data + RW Data)     100032 (  97.69kB)

==============================================================================

