ARM Linker, RVCT4.0 [Build 524] for uVision [Standard]

==============================================================================

Section Cross References

    startup_lpc17xx.o(STACK) refers (Special) to heapauxi.o(.text) for __use_two_region_memory
    startup_lpc17xx.o(HEAP) refers (Special) to heapauxi.o(.text) for __use_two_region_memory
    startup_lpc17xx.o(RESET) refers (Special) to heapauxi.o(.text) for __use_two_region_memory
    startup_lpc17xx.o(RESET) refers to startup_lpc17xx.o(STACK) for __initial_sp
    startup_lpc17xx.o(RESET) refers to startup_lpc17xx.o(.text) for Reset_Handler
    startup_lpc17xx.o(RESET) refers to main.o(.text) for DMA_IRQHandler
    startup_lpc17xx.o(.ARM.__at_0x02FC) refers (Special) to heapauxi.o(.text) for __use_two_region_memory
    startup_lpc17xx.o(.text) refers (Special) to heapauxi.o(.text) for __use_two_region_memory
    startup_lpc17xx.o(.text) refers to __main.o(!!!main) for __main
    startup_lpc17xx.o(.text) refers to startup_lpc17xx.o(HEAP) for Heap_Mem
    startup_lpc17xx.o(.text) refers to startup_lpc17xx.o(STACK) for Stack_Mem
    system_lpc17xx.o(.text) refers to system_lpc17xx.o(.data) for SystemFrequency
    main.o(.text) refers to system_lpc17xx.o(.text) for SystemInit
    main.o(.text) refers to fflt_clz.o(x$fpl$ffltu) for __aeabi_ui2f
    main.o(.text) refers to fdiv.o(x$fpl$fdiv) for __aeabi_fdiv
    main.o(.text) refers to ffixu.o(x$fpl$ffixu) for __aeabi_f2uiz
    main.o(.text) refers to fmul.o(x$fpl$fmul) for __aeabi_fmul
    main.o(.text) refers to main.o(.data) for DMATCCount
    main.o(.text) refers to system_lpc17xx.o(.data) for SystemFrequency
    main.o(.text) refers to main.o(.bss) for data1
    __main.o(!!!main) refers to rtentry.o(.ARM.Collect$$rtentry$$00000000) for __rt_entry
    fdiv.o(x$fpl$frdiv) refers (Special) to usenofp.o(x$fpl$usenofp) for __I$use$fp
    fdiv.o(x$fpl$frdiv) refers (Special) to fnorm2_clz.o(x$fpl$fnorm2) for __fpl_normalise2
    fdiv.o(x$fpl$frdiv) refers (Special) to funder.o(x$fpl$funder) for __funder
    fdiv.o(x$fpl$frdiv) refers to fdiv.o(x$fpl$fdiv) for _fdiv1
    fdiv.o(x$fpl$fdiv) refers (Special) to usenofp.o(x$fpl$usenofp) for __I$use$fp
    fdiv.o(x$fpl$fdiv) refers (Special) to fnorm2_clz.o(x$fpl$fnorm2) for __fpl_normalise2
    fdiv.o(x$fpl$fdiv) refers (Special) to funder.o(x$fpl$funder) for __funder
    fdiv.o(x$fpl$fdiv) refers to fcheck.o(x$fpl$fcheck) for __fpl_fcheck_NaN2
    ffixu.o(x$fpl$ffixu) refers (Special) to usenofp.o(x$fpl$usenofp) for __I$use$fp
    ffixu.o(x$fpl$ffixu) refers to fcheck1.o(x$fpl$fcheck1) for __fpl_fcheck_NaN1
    ffixu.o(x$fpl$ffixur) refers (Special) to usenofp.o(x$fpl$usenofp) for __I$use$fp
    ffixu.o(x$fpl$ffixur) refers to fcheck1.o(x$fpl$fcheck1) for __fpl_fcheck_NaN1
    fflt_clz.o(x$fpl$ffltu) refers (Special) to usenofp.o(x$fpl$usenofp) for __I$use$fp
    fflt_clz.o(x$fpl$ffltu) refers to fflt_clz.o(x$fpl$fflt) for __fflt_normalise
    fflt_clz.o(x$fpl$fflt) refers (Special) to usenofp.o(x$fpl$usenofp) for __I$use$fp
    fmul.o(x$fpl$fmul) refers (Special) to usenofp.o(x$fpl$usenofp) for __I$use$fp
    fmul.o(x$fpl$fmul) refers (Special) to fnorm2_clz.o(x$fpl$fnorm2) for __fpl_normalise2
    fmul.o(x$fpl$fmul) refers (Special) to funder.o(x$fpl$funder) for __funder
    fmul.o(x$fpl$fmul) refers to fcheck.o(x$fpl$fcheck) for __fpl_fcheck_NaN2
    rtentry.o(.ARM.Collect$$rtentry$$00000000) refers (Special) to rtentry2.o(.ARM.Collect$$rtentry$$0000000A) for __rt_entry_li
    rtentry.o(.ARM.Collect$$rtentry$$00000000) refers (Special) to rtentry2.o(.ARM.Collect$$rtentry$$0000000D) for __rt_entry_main
    rtentry.o(.ARM.Collect$$rtentry$$00000000) refers (Special) to rtentry2.o(.ARM.Collect$$rtentry$$0000000C) for __rt_entry_postli_1
    rtentry.o(.ARM.Collect$$rtentry$$00000000) refers (Special) to rtentry2.o(.ARM.Collect$$rtentry$$00000009) for __rt_entry_postsh_1
    rtentry.o(.ARM.Collect$$rtentry$$00000000) refers (Special) to rtentry2.o(.ARM.Collect$$rtentry$$00000002) for __rt_entry_presh_1
    rtentry.o(.ARM.Collect$$rtentry$$00000000) refers (Special) to rtentry4.o(.ARM.Collect$$rtentry$$00000004) for __rt_entry_sh
    rtentry.o(.ARM.exidx) refers (Special) to rtentry2.o(.ARM.Collect$$rtentry$$0000000A) for __rt_entry_li
    rtentry.o(.ARM.exidx) refers (Special) to rtentry2.o(.ARM.Collect$$rtentry$$0000000D) for __rt_entry_main
    rtentry.o(.ARM.exidx) refers (Special) to rtentry2.o(.ARM.Collect$$rtentry$$0000000C) for __rt_entry_postli_1
    rtentry.o(.ARM.exidx) refers (Special) to rtentry2.o(.ARM.Collect$$rtentry$$00000009) for __rt_entry_postsh_1
    rtentry.o(.ARM.exidx) refers (Special) to rtentry2.o(.ARM.Collect$$rtentry$$00000002) for __rt_entry_presh_1
    rtentry.o(.ARM.exidx) refers (Special) to rtentry4.o(.ARM.Collect$$rtentry$$00000004) for __rt_entry_sh
    rtentry.o(.ARM.exidx) refers to rtentry.o(.ARM.Collect$$rtentry$$00000000) for .ARM.Collect$$rtentry$$00000000
    fcheck.o(x$fpl$fcheck) refers (Special) to usenofp.o(x$fpl$usenofp) for __I$use$fp
    fcheck.o(x$fpl$fcheck) refers to retnan.o(x$fpl$retnan) for __fpl_return_NaN
    fcheck1.o(x$fpl$fcheck1) refers (Special) to usenofp.o(x$fpl$usenofp) for __I$use$fp
    fcheck1.o(x$fpl$fcheck1) refers to retnan.o(x$fpl$retnan) for __fpl_return_NaN
    fnorm2_clz.o(x$fpl$fnorm2) refers (Special) to usenofp.o(x$fpl$usenofp) for __I$use$fp
    funder.o(x$fpl$funder) refers (Special) to usenofp.o(x$fpl$usenofp) for __I$use$fp
    rtentry2.o(.ARM.Collect$$rtentry$$00000008) refers to boardinit2.o(.text) for _platform_post_stackheap_init
    rtentry2.o(.ARM.Collect$$rtentry$$0000000A) refers to libinit.o(.ARM.Collect$$libinit$$00000000) for __rt_lib_init
    rtentry2.o(.ARM.Collect$$rtentry$$0000000B) refers to boardinit3.o(.text) for _platform_post_lib_init
    rtentry2.o(.ARM.Collect$$rtentry$$0000000D) refers to main.o(.text) for main
    rtentry2.o(.ARM.Collect$$rtentry$$0000000D) refers to exit.o(.text) for exit
    rtentry2.o(.ARM.exidx) refers to rtentry2.o(.ARM.Collect$$rtentry$$00000001) for .ARM.Collect$$rtentry$$00000001
    rtentry2.o(.ARM.exidx) refers to rtentry2.o(.ARM.Collect$$rtentry$$00000002) for .ARM.Collect$$rtentry$$00000002
    rtentry2.o(.ARM.exidx) refers to rtentry2.o(.ARM.Collect$$rtentry$$00000008) for .ARM.Collect$$rtentry$$00000008
    rtentry2.o(.ARM.exidx) refers to rtentry2.o(.ARM.Collect$$rtentry$$00000009) for .ARM.Collect$$rtentry$$00000009
    rtentry2.o(.ARM.exidx) refers to rtentry2.o(.ARM.Collect$$rtentry$$0000000A) for .ARM.Collect$$rtentry$$0000000A
    rtentry2.o(.ARM.exidx) refers to rtentry2.o(.ARM.Collect$$rtentry$$0000000B) for .ARM.Collect$$rtentry$$0000000B
    rtentry2.o(.ARM.exidx) refers to rtentry2.o(.ARM.Collect$$rtentry$$0000000C) for .ARM.Collect$$rtentry$$0000000C
    rtentry2.o(.ARM.exidx) refers to rtentry2.o(.ARM.Collect$$rtentry$$0000000D) for .ARM.Collect$$rtentry$$0000000D
    rtentry4.o(.ARM.Collect$$rtentry$$00000004) refers to sys_stackheap_outer.o(.text) for __user_setup_stackheap
    rtentry4.o(.ARM.exidx) refers to rtentry4.o(.ARM.Collect$$rtentry$$00000004) for .ARM.Collect$$rtentry$$00000004
    retnan.o(x$fpl$retnan) refers (Special) to usenofp.o(x$fpl$usenofp) for __I$use$fp
    retnan.o(x$fpl$retnan) refers to trapv.o(x$fpl$trapveneer) for __fpl_cmpreturn
    sys_stackheap_outer.o(.text) refers to libspace.o(.text) for __user_perproc_libspace
    sys_stackheap_outer.o(.text) refers to startup_lpc17xx.o(.text) for __user_initial_stackheap
    exit.o(.text) refers to rtexit.o(.ARM.Collect$$rtexit$$00000000) for __rt_exit
    libinit.o(.ARM.Collect$$libinit$$00000000) refers (Special) to libinit2.o(.ARM.Collect$$libinit$$0000002A) for __rt_lib_init_alloca_1
    libinit.o(.ARM.Collect$$libinit$$00000000) refers (Special) to libinit2.o(.ARM.Collect$$libinit$$00000028) for __rt_lib_init_argv_1
    libinit.o(.ARM.Collect$$libinit$$00000000) refers (Special) to libinit2.o(.ARM.Collect$$libinit$$00000017) for __rt_lib_init_atexit_1
    libinit.o(.ARM.Collect$$libinit$$00000000) refers (Special) to libinit2.o(.ARM.Collect$$libinit$$0000001D) for __rt_lib_init_clock_1
    libinit.o(.ARM.Collect$$libinit$$00000000) refers (Special) to libinit2.o(.ARM.Collect$$libinit$$0000002E) for __rt_lib_init_cpp_1
    libinit.o(.ARM.Collect$$libinit$$00000000) refers (Special) to libinit2.o(.ARM.Collect$$libinit$$0000002C) for __rt_lib_init_exceptions_1
    libinit.o(.ARM.Collect$$libinit$$00000000) refers (Special) to libinit2.o(.ARM.Collect$$libinit$$0000001B) for __rt_lib_init_fp_trap_1
    libinit.o(.ARM.Collect$$libinit$$00000000) refers (Special) to libinit2.o(.ARM.Collect$$libinit$$0000001F) for __rt_lib_init_getenv_1
    libinit.o(.ARM.Collect$$libinit$$00000000) refers (Special) to libinit2.o(.ARM.Collect$$libinit$$00000006) for __rt_lib_init_heap_1
    libinit.o(.ARM.Collect$$libinit$$00000000) refers (Special) to libinit2.o(.ARM.Collect$$libinit$$0000000D) for __rt_lib_init_lc_collate_1
    libinit.o(.ARM.Collect$$libinit$$00000000) refers (Special) to libinit2.o(.ARM.Collect$$libinit$$0000000F) for __rt_lib_init_lc_ctype_1
    libinit.o(.ARM.Collect$$libinit$$00000000) refers (Special) to libinit2.o(.ARM.Collect$$libinit$$00000011) for __rt_lib_init_lc_monetary_1
    libinit.o(.ARM.Collect$$libinit$$00000000) refers (Special) to libinit2.o(.ARM.Collect$$libinit$$00000013) for __rt_lib_init_lc_numeric_1
    libinit.o(.ARM.Collect$$libinit$$00000000) refers (Special) to libinit2.o(.ARM.Collect$$libinit$$00000015) for __rt_lib_init_lc_time_1
    libinit.o(.ARM.Collect$$libinit$$00000000) refers (Special) to libinit2.o(.ARM.Collect$$libinit$$0000000A) for __rt_lib_init_rand_1
    libinit.o(.ARM.Collect$$libinit$$00000000) refers (Special) to libinit2.o(.ARM.Collect$$libinit$$0000002F) for __rt_lib_init_return
    libinit.o(.ARM.Collect$$libinit$$00000000) refers (Special) to libinit2.o(.ARM.Collect$$libinit$$00000019) for __rt_lib_init_signal_1
    libinit.o(.ARM.Collect$$libinit$$00000000) refers (Special) to libinit2.o(.ARM.Collect$$libinit$$00000021) for __rt_lib_init_stdio_1
    libinit.o(.ARM.Collect$$libinit$$00000000) refers (Special) to libinit2.o(.ARM.Collect$$libinit$$00000008) for __rt_lib_init_user_alloc_1
    trapv.o(x$fpl$trapveneer) refers (Special) to usenofp.o(x$fpl$usenofp) for __I$use$fp
    libspace.o(.text) refers to libspace.o(.bss) for __libspace_start
    rtexit.o(.ARM.Collect$$rtexit$$00000000) refers (Special) to rtexit2.o(.ARM.Collect$$rtexit$$00000004) for __rt_exit_exit
    rtexit.o(.ARM.Collect$$rtexit$$00000000) refers (Special) to rtexit2.o(.ARM.Collect$$rtexit$$00000003) for __rt_exit_ls
    rtexit.o(.ARM.Collect$$rtexit$$00000000) refers (Special) to rtexit2.o(.ARM.Collect$$rtexit$$00000002) for __rt_exit_prels_1
    rtexit.o(.ARM.exidx) refers (Special) to rtexit2.o(.ARM.Collect$$rtexit$$00000004) for __rt_exit_exit
    rtexit.o(.ARM.exidx) refers (Special) to rtexit2.o(.ARM.Collect$$rtexit$$00000003) for __rt_exit_ls
    rtexit.o(.ARM.exidx) refers (Special) to rtexit2.o(.ARM.Collect$$rtexit$$00000002) for __rt_exit_prels_1
    rtexit.o(.ARM.exidx) refers to rtexit.o(.ARM.Collect$$rtexit$$00000000) for .ARM.Collect$$rtexit$$00000000
    libinit2.o(.ARM.Collect$$libinit$$0000000C) refers to libinit2.o(.ARM.Collect$$libinit$$0000000B) for .ARM.Collect$$libinit$$0000000B
    libinit2.o(.ARM.Collect$$libinit$$0000000E) refers to libinit2.o(.ARM.Collect$$libinit$$0000000B) for .ARM.Collect$$libinit$$0000000B
    libinit2.o(.ARM.Collect$$libinit$$00000010) refers to libinit2.o(.ARM.Collect$$libinit$$0000000B) for .ARM.Collect$$libinit$$0000000B
    libinit2.o(.ARM.Collect$$libinit$$00000012) refers to libinit2.o(.ARM.Collect$$libinit$$0000000B) for .ARM.Collect$$libinit$$0000000B
    libinit2.o(.ARM.Collect$$libinit$$00000014) refers to libinit2.o(.ARM.Collect$$libinit$$0000000B) for .ARM.Collect$$libinit$$0000000B
    libinit2.o(.ARM.Collect$$libinit$$00000022) refers to argv_veneer.o(.emb_text) for __ARM_argv_veneer
    libinit2.o(.ARM.Collect$$libinit$$00000023) refers to argv_veneer.o(.emb_text) for __ARM_argv_veneer
    rtexit2.o(.ARM.Collect$$rtexit$$00000003) refers to libshutdown.o(.ARM.Collect$$libshutdown$$00000000) for __rt_lib_shutdown
    rtexit2.o(.ARM.Collect$$rtexit$$00000004) refers to sys_exit.o(.text) for _sys_exit
    rtexit2.o(.ARM.exidx) refers to rtexit2.o(.ARM.Collect$$rtexit$$00000001) for .ARM.Collect$$rtexit$$00000001
    rtexit2.o(.ARM.exidx) refers to rtexit2.o(.ARM.Collect$$rtexit$$00000002) for .ARM.Collect$$rtexit$$00000002
    rtexit2.o(.ARM.exidx) refers to rtexit2.o(.ARM.Collect$$rtexit$$00000003) for .ARM.Collect$$rtexit$$00000003
    rtexit2.o(.ARM.exidx) refers to rtexit2.o(.ARM.Collect$$rtexit$$00000004) for .ARM.Collect$$rtexit$$00000004
    argv_veneer.o(.emb_text) refers to no_argv.o(.text) for __ARM_get_argv
    sys_exit.o(.text) refers to use_no_semi.o(.text) for __I$use$semihosting
    _get_argv_nomalloc.o(.text) refers (Special) to hrguard.o(.text) for __heap_region$guard
    _get_argv_nomalloc.o(.text) refers to defsig_rtmem_outer.o(.text) for __rt_SIGRTMEM
    _get_argv_nomalloc.o(.text) refers to sys_command.o(.text) for _sys_command_string
    libshutdown.o(.ARM.Collect$$libshutdown$$00000000) refers (Special) to libshutdown2.o(.ARM.Collect$$libshutdown$$00000006) for __rt_lib_shutdown_fp_trap_1
    libshutdown.o(.ARM.Collect$$libshutdown$$00000000) refers (Special) to libshutdown2.o(.ARM.Collect$$libshutdown$$0000000E) for __rt_lib_shutdown_heap_1
    libshutdown.o(.ARM.Collect$$libshutdown$$00000000) refers (Special) to libshutdown2.o(.ARM.Collect$$libshutdown$$0000000F) for __rt_lib_shutdown_return
    libshutdown.o(.ARM.Collect$$libshutdown$$00000000) refers (Special) to libshutdown2.o(.ARM.Collect$$libshutdown$$00000009) for __rt_lib_shutdown_signal_1
    libshutdown.o(.ARM.Collect$$libshutdown$$00000000) refers (Special) to libshutdown2.o(.ARM.Collect$$libshutdown$$00000003) for __rt_lib_shutdown_stdio_1
    libshutdown.o(.ARM.Collect$$libshutdown$$00000000) refers (Special) to libshutdown2.o(.ARM.Collect$$libshutdown$$0000000B) for __rt_lib_shutdown_user_alloc_1
    sys_command.o(.text) refers (Special) to use_no_semi.o(.text) for __I$use$semihosting
    defsig_rtmem_outer.o(.text) refers to defsig_rtmem_inner.o(.text) for __rt_SIGRTMEM_inner
    defsig_rtmem_outer.o(.text) refers to defsig_exit.o(.text) for __sig_exit
    defsig_rtmem_formal.o(.text) refers to rt_raise.o(.text) for __rt_raise
    rt_raise.o(.text) refers to __raise.o(.text) for __raise
    rt_raise.o(.text) refers to sys_exit.o(.text) for _sys_exit
    defsig_exit.o(.text) refers to sys_exit.o(.text) for _sys_exit
    defsig_rtmem_inner.o(.text) refers to defsig_general.o(.text) for __default_signal_display
    __raise.o(.text) refers to defsig.o(CL$$defsig) for __default_signal_handler
    defsig_general.o(.text) refers to sys_wrch.o(.text) for _ttywrch
    sys_wrch.o(.text) refers (Special) to use_no_semi.o(.text) for __I$use$semihosting
    defsig.o(CL$$defsig) refers to defsig_rtmem_inner.o(.text) for __rt_SIGRTMEM_inner
    defsig_abrt_inner.o(.text) refers to defsig_general.o(.text) for __default_signal_display
    defsig_fpe_inner.o(.text) refers to defsig_general.o(.text) for __default_signal_display
    defsig_rtred_inner.o(.text) refers to defsig_general.o(.text) for __default_signal_display
    defsig_stak_inner.o(.text) refers to defsig_general.o(.text) for __default_signal_display
    defsig_pvfn_inner.o(.text) refers to defsig_general.o(.text) for __default_signal_display
    defsig_cppl_inner.o(.text) refers to defsig_general.o(.text) for __default_signal_display
    defsig_segv_inner.o(.text) refers to defsig_general.o(.text) for __default_signal_display
    defsig_other.o(.text) refers to defsig_general.o(.text) for __default_signal_display


==============================================================================

Image Symbol Table

    Local Symbols

    Symbol Name                              Value     Ov Type        Size  Object(Section)

    ../../angel/boardlib.s                   0x00000000   Number         0  boardinit3.o ABSOLUTE
    ../../angel/boardlib.s                   0x00000000   Number         0  boardinit1.o ABSOLUTE
    ../../angel/boardlib.s                   0x00000000   Number         0  boardshut.o ABSOLUTE
    ../../angel/boardlib.s                   0x00000000   Number         0  boardinit2.o ABSOLUTE
    ../../angel/dczerorl2.s                  0x00000000   Number         0  __dczerorl2.o ABSOLUTE
    ../../angel/handlers.s                   0x00000000   Number         0  __scatter_zi.o ABSOLUTE
    ../../angel/kernel.s                     0x00000000   Number         0  rtexit.o ABSOLUTE
    ../../angel/kernel.s                     0x00000000   Number         0  rtexit2.o ABSOLUTE
    ../../angel/kernel.s                     0x00000000   Number         0  rtentry.o ABSOLUTE
    ../../angel/kernel.s                     0x00000000   Number         0  rtentry2.o ABSOLUTE
    ../../angel/kernel.s                     0x00000000   Number         0  rtentry4.o ABSOLUTE
    ../../angel/rt.s                         0x00000000   Number         0  rt_raise.o ABSOLUTE
    ../../angel/scatter.s                    0x00000000   Number         0  __scatter.o ABSOLUTE
    ../../angel/startup.s                    0x00000000   Number         0  __main.o ABSOLUTE
    ../../angel/sys.s                        0x00000000   Number         0  libspace.o ABSOLUTE
    ../../angel/sys.s                        0x00000000   Number         0  sys_exit.o ABSOLUTE
    ../../angel/sys.s                        0x00000000   Number         0  sys_stackheap_outer.o ABSOLUTE
    ../../angel/sys.s                        0x00000000   Number         0  use_no_semi.o ABSOLUTE
    ../../angel/sysapp.c                     0x00000000   Number         0  sys_wrch.o ABSOLUTE
    ../../angel/sysapp.c                     0x00000000   Number         0  sys_command.o ABSOLUTE
    ../../armsys.c                           0x00000000   Number         0  _get_argv_nomalloc.o ABSOLUTE
    ../../armsys.c                           0x00000000   Number         0  no_argv.o ABSOLUTE
    ../../armsys.c                           0x00000000   Number         0  argv_veneer.o ABSOLUTE
    ../../armsys.c                           0x00000000   Number         0  argv_veneer.o ABSOLUTE
    ../../fcheck.s                           0x00000000   Number         0  fcheck.o ABSOLUTE
    ../../fcheck1.s                          0x00000000   Number         0  fcheck1.o ABSOLUTE
    ../../fdiv.s                             0x00000000   Number         0  fdiv.o ABSOLUTE
    ../../ffixu.s                            0x00000000   Number         0  ffixu.o ABSOLUTE
    ../../fflt.s                             0x00000000   Number         0  fflt_clz.o ABSOLUTE
    ../../fmul.s                             0x00000000   Number         0  fmul.o ABSOLUTE
    ../../fnorm2.s                           0x00000000   Number         0  fnorm2_clz.o ABSOLUTE
    ../../fpinit.s                           0x00000000   Number         0  fpinit.o ABSOLUTE
    ../../funder.s                           0x00000000   Number         0  funder.o ABSOLUTE
    ../../heapalloc.c                        0x00000000   Number         0  hrguard.o ABSOLUTE
    ../../heapaux.c                          0x00000000   Number         0  heapauxi.o ABSOLUTE
    ../../libinit.s                          0x00000000   Number         0  libshutdown2.o ABSOLUTE
    ../../libinit.s                          0x00000000   Number         0  libshutdown.o ABSOLUTE
    ../../libinit.s                          0x00000000   Number         0  libinit.o ABSOLUTE
    ../../libinit.s                          0x00000000   Number         0  libinit2.o ABSOLUTE
    ../../retnan.s                           0x00000000   Number         0  retnan.o ABSOLUTE
    ../../signal.c                           0x00000000   Number         0  defsig_rtmem_inner.o ABSOLUTE
    ../../signal.c                           0x00000000   Number         0  defsig_general.o ABSOLUTE
    ../../signal.c                           0x00000000   Number         0  defsig_rtmem_formal.o ABSOLUTE
    ../../signal.c                           0x00000000   Number         0  defsig_abrt_inner.o ABSOLUTE
    ../../signal.c                           0x00000000   Number         0  defsig_rtmem_outer.o ABSOLUTE
    ../../signal.c                           0x00000000   Number         0  defsig_fpe_inner.o ABSOLUTE
    ../../signal.c                           0x00000000   Number         0  defsig_rtred_inner.o ABSOLUTE
    ../../signal.c                           0x00000000   Number         0  __raise.o ABSOLUTE
    ../../signal.c                           0x00000000   Number         0  defsig_stak_inner.o ABSOLUTE
    ../../signal.c                           0x00000000   Number         0  defsig_pvfn_inner.o ABSOLUTE
    ../../signal.c                           0x00000000   Number         0  defsig_cppl_inner.o ABSOLUTE
    ../../signal.c                           0x00000000   Number         0  defsig_segv_inner.o ABSOLUTE
    ../../signal.c                           0x00000000   Number         0  defsig_other.o ABSOLUTE
    ../../signal.c                           0x00000000   Number         0  defsig_exit.o ABSOLUTE
    ../../signal.s                           0x00000000   Number         0  defsig.o ABSOLUTE
    ../../stdlib.c                           0x00000000   Number         0  exit.o ABSOLUTE
    ../../trapv.s                            0x00000000   Number         0  trapv.o ABSOLUTE
    ../../usenofp.s                          0x00000000   Number         0  usenofp.o ABSOLUTE
    common\src\startup_LPC17xx.s             0x00000000   Number         0  startup_lpc17xx.o ABSOLUTE
    common\src\system_LPC17xx.c              0x00000000   Number         0  system_lpc17xx.o ABSOLUTE
    dc.s                                     0x00000000   Number         0  dc.o ABSOLUTE
    main.c                                   0x00000000   Number         0  main.o ABSOLUTE
    .ARM.__at_0x02FC                         0x000002fc   Section        4  startup_lpc17xx.o(.ARM.__at_0x02FC)
    RESET                                    0x10000000   Section      196  startup_lpc17xx.o(RESET)
    !!!main                                  0x100000c4   Section        8  __main.o(!!!main)
    !!!scatter                               0x100000cc   Section       52  __scatter.o(!!!scatter)
    !!dczerorl2                              0x10000100   Section       90  __dczerorl2.o(!!dczerorl2)
    !!handler_zi                             0x1000015c   Section       28  __scatter_zi.o(!!handler_zi)
    .ARM.Collect$$libinit$$00000000          0x10000178   Section        6  libinit.o(.ARM.Collect$$libinit$$00000000)
    .ARM.Collect$$libinit$$00000006          0x1000017e   Section        0  libinit2.o(.ARM.Collect$$libinit$$00000006)
    .ARM.Collect$$libinit$$00000008          0x1000017e   Section        0  libinit2.o(.ARM.Collect$$libinit$$00000008)
    .ARM.Collect$$libinit$$0000000A          0x1000017e   Section        0  libinit2.o(.ARM.Collect$$libinit$$0000000A)
    .ARM.Collect$$libinit$$0000000D          0x1000017e   Section        0  libinit2.o(.ARM.Collect$$libinit$$0000000D)
    .ARM.Collect$$libinit$$0000000F          0x1000017e   Section        0  libinit2.o(.ARM.Collect$$libinit$$0000000F)
    .ARM.Collect$$libinit$$00000011          0x1000017e   Section        0  libinit2.o(.ARM.Collect$$libinit$$00000011)
    .ARM.Collect$$libinit$$00000013          0x1000017e   Section        0  libinit2.o(.ARM.Collect$$libinit$$00000013)
    .ARM.Collect$$libinit$$00000015          0x1000017e   Section        0  libinit2.o(.ARM.Collect$$libinit$$00000015)
    .ARM.Collect$$libinit$$00000017          0x1000017e   Section        0  libinit2.o(.ARM.Collect$$libinit$$00000017)
    .ARM.Collect$$libinit$$00000019          0x1000017e   Section        0  libinit2.o(.ARM.Collect$$libinit$$00000019)
    .ARM.Collect$$libinit$$0000001B          0x1000017e   Section        0  libinit2.o(.ARM.Collect$$libinit$$0000001B)
    .ARM.Collect$$libinit$$0000001D          0x1000017e   Section        0  libinit2.o(.ARM.Collect$$libinit$$0000001D)
    .ARM.Collect$$libinit$$0000001F          0x1000017e   Section        0  libinit2.o(.ARM.Collect$$libinit$$0000001F)
    .ARM.Collect$$libinit$$00000021          0x1000017e   Section        0  libinit2.o(.ARM.Collect$$libinit$$00000021)
    .ARM.Collect$$libinit$$00000028          0x1000017e   Section        0  libinit2.o(.ARM.Collect$$libinit$$00000028)
    .ARM.Collect$$libinit$$0000002A          0x1000017e   Section        0  libinit2.o(.ARM.Collect$$libinit$$0000002A)
    .ARM.Collect$$libinit$$0000002C          0x1000017e   Section        0  libinit2.o(.ARM.Collect$$libinit$$0000002C)
    .ARM.Collect$$libinit$$0000002E          0x1000017e   Section        0  libinit2.o(.ARM.Collect$$libinit$$0000002E)
    .ARM.Collect$$libinit$$0000002F          0x1000017e   Section        2  libinit2.o(.ARM.Collect$$libinit$$0000002F)
    .ARM.Collect$$libshutdown$$00000000      0x10000180   Section        2  libshutdown.o(.ARM.Collect$$libshutdown$$00000000)
    .ARM.Collect$$libshutdown$$00000003      0x10000182   Section        0  libshutdown2.o(.ARM.Collect$$libshutdown$$00000003)
    .ARM.Collect$$libshutdown$$00000006      0x10000182   Section        0  libshutdown2.o(.ARM.Collect$$libshutdown$$00000006)
    .ARM.Collect$$libshutdown$$00000009      0x10000182   Section        0  libshutdown2.o(.ARM.Collect$$libshutdown$$00000009)
    .ARM.Collect$$libshutdown$$0000000B      0x10000182   Section        0  libshutdown2.o(.ARM.Collect$$libshutdown$$0000000B)
    .ARM.Collect$$libshutdown$$0000000E      0x10000182   Section        0  libshutdown2.o(.ARM.Collect$$libshutdown$$0000000E)
    .ARM.Collect$$libshutdown$$0000000F      0x10000182   Section        2  libshutdown2.o(.ARM.Collect$$libshutdown$$0000000F)
    .ARM.Collect$$rtentry$$00000000          0x10000184   Section        0  rtentry.o(.ARM.Collect$$rtentry$$00000000)
    .ARM.Collect$$rtentry$$00000002          0x10000184   Section        0  rtentry2.o(.ARM.Collect$$rtentry$$00000002)
    .ARM.Collect$$rtentry$$00000004          0x10000184   Section        6  rtentry4.o(.ARM.Collect$$rtentry$$00000004)
    .ARM.Collect$$rtentry$$00000009          0x1000018a   Section        0  rtentry2.o(.ARM.Collect$$rtentry$$00000009)
    .ARM.Collect$$rtentry$$0000000A          0x1000018a   Section        4  rtentry2.o(.ARM.Collect$$rtentry$$0000000A)
    .ARM.Collect$$rtentry$$0000000C          0x1000018e   Section        0  rtentry2.o(.ARM.Collect$$rtentry$$0000000C)
    .ARM.Collect$$rtentry$$0000000D          0x1000018e   Section        8  rtentry2.o(.ARM.Collect$$rtentry$$0000000D)
    .ARM.Collect$$rtexit$$00000000           0x10000196   Section        0  rtexit.o(.ARM.Collect$$rtexit$$00000000)
    .ARM.Collect$$rtexit$$00000002           0x10000196   Section        0  rtexit2.o(.ARM.Collect$$rtexit$$00000002)
    .ARM.Collect$$rtexit$$00000003           0x10000196   Section        4  rtexit2.o(.ARM.Collect$$rtexit$$00000003)
    .ARM.Collect$$rtexit$$00000004           0x1000019a   Section        4  rtexit2.o(.ARM.Collect$$rtexit$$00000004)
    .text                                    0x100001a0   Section       52  startup_lpc17xx.o(.text)
    .text                                    0x100001d4   Section      536  system_lpc17xx.o(.text)
    .text                                    0x100003ec   Section     1008  main.o(.text)
    .text                                    0x100007dc   Section        6  heapauxi.o(.text)
    .text                                    0x100007e2   Section       74  sys_stackheap_outer.o(.text)
    .text                                    0x1000082c   Section       12  exit.o(.text)
    .text                                    0x10000838   Section        8  libspace.o(.text)
    .text                                    0x10000840   Section       20  sys_exit.o(.text)
    .text                                    0x10000854   Section        2  use_no_semi.o(.text)
    x$fpl$fcheck                             0x10000858   Section       12  fcheck.o(x$fpl$fcheck)
    x$fpl$fcheck1                            0x10000864   Section       12  fcheck1.o(x$fpl$fcheck1)
    x$fpl$fdiv                               0x10000870   Section      484  fdiv.o(x$fpl$fdiv)
    _fdiv1                                   0x10000871   Thumb Code     0  fdiv.o(x$fpl$fdiv)
    x$fpl$ffixu                              0x10000a54   Section       88  ffixu.o(x$fpl$ffixu)
    x$fpl$fflt                               0x10000aac   Section       50  fflt_clz.o(x$fpl$fflt)
    x$fpl$ffltu                              0x10000ade   Section        8  fflt_clz.o(x$fpl$ffltu)
    x$fpl$fmul                               0x10000ae8   Section      264  fmul.o(x$fpl$fmul)
    x$fpl$fnorm2                             0x10000bf0   Section       74  fnorm2_clz.o(x$fpl$fnorm2)
    x$fpl$funder                             0x10000c3a   Section      134  funder.o(x$fpl$funder)
    x$fpl$retnan                             0x10000cc0   Section      100  retnan.o(x$fpl$retnan)
    x$fpl$trapveneer                         0x10000d24   Section       48  trapv.o(x$fpl$trapveneer)
    x$fpl$usenofp                            0x10000d54   Section        0  usenofp.o(x$fpl$usenofp)
    .data                                    0x10004000   Section        4  system_lpc17xx.o(.data)
    .data                                    0x10004004   Section      560  main.o(.data)
    .bss                                     0x10004234   Section      200  main.o(.bss)
    .bss                                     0x100042fc   Section       96  libspace.o(.bss)
    HEAP                                     0x10004360   Section        0  startup_lpc17xx.o(HEAP)
    STACK                                    0x10004360   Section     2048  startup_lpc17xx.o(STACK)
    Heap_Mem                                 0x10004360   Data           0  startup_lpc17xx.o(HEAP)
    Stack_Mem                                0x10004360   Data        2048  startup_lpc17xx.o(STACK)
    __initial_sp                             0x10004b60   Data           0  startup_lpc17xx.o(STACK)

    Global Symbols

    Symbol Name                              Value     Ov Type        Size  Object(Section)

    BuildAttributes$$THM_ISAv4$P$D$K$B$S$PE$A:L22UL41UL21$X:L11$S22US41US21$IEEE1$IW$USESV6$~STKCKD$USESV7$~SHL$OSPACE$ROPI$EBA8$UX$STANDARDLIB$REQ8$PRES8$EABIv2 0x00000000   Number         0  anon$$obj.o ABSOLUTE
    __ARM_use_no_argv                        0x00000000   Number         0  main.o ABSOLUTE
    __ARM_exceptions_init                     - Undefined Weak Reference
    __alloca_initialize                       - Undefined Weak Reference
    __cpp_initialize__aeabi_                  - Undefined Weak Reference
    __cxa_finalize                            - Undefined Weak Reference
    __fpl_infinity                            - Undefined Weak Reference
    __rt_locale                               - Undefined Weak Reference
    __sigvec_lookup                           - Undefined Weak Reference
    _atexit_init                              - Undefined Weak Reference
    _call_atexit_fns                          - Undefined Weak Reference
    _clock_init                               - Undefined Weak Reference
    _fp_trap_init                             - Undefined Weak Reference
    _fp_trap_shutdown                         - Undefined Weak Reference
    _get_lc_collate                           - Undefined Weak Reference
    _get_lc_ctype                             - Undefined Weak Reference
    _get_lc_monetary                          - Undefined Weak Reference
    _get_lc_numeric                           - Undefined Weak Reference
    _get_lc_time                              - Undefined Weak Reference
    _getenv_init                              - Undefined Weak Reference
    _handle_redirection                       - Undefined Weak Reference
    _init_alloc                               - Undefined Weak Reference
    _init_user_alloc                          - Undefined Weak Reference
    _initio                                   - Undefined Weak Reference
    _rand_init                                - Undefined Weak Reference
    _signal_finish                            - Undefined Weak Reference
    _signal_init                              - Undefined Weak Reference
    _terminate_alloc                          - Undefined Weak Reference
    _terminate_user_alloc                     - Undefined Weak Reference
    _terminateio                              - Undefined Weak Reference
    __Vectors                                0x10000000   Data           4  startup_lpc17xx.o(RESET)
    __main                                   0x100000c5   Thumb Code     8  __main.o(!!!main)
    __scatterload                            0x100000cd   Thumb Code     0  __scatter.o(!!!scatter)
    __scatterload_rt2                        0x100000cd   Thumb Code    44  __scatter.o(!!!scatter)
    __scatterload_rt2_thumb_only             0x100000cd   Thumb Code     0  __scatter.o(!!!scatter)
    __scatterload_null                       0x100000db   Thumb Code     0  __scatter.o(!!!scatter)
    __decompress                             0x10000101   Thumb Code    90  __dczerorl2.o(!!dczerorl2)
    __decompress1                            0x10000101   Thumb Code     0  __dczerorl2.o(!!dczerorl2)
    __scatterload_zeroinit                   0x1000015d   Thumb Code    28  __scatter_zi.o(!!handler_zi)
    __rt_lib_init                            0x10000179   Thumb Code     0  libinit.o(.ARM.Collect$$libinit$$00000000)
    __rt_lib_init_alloca_1                   0x1000017f   Thumb Code     0  libinit2.o(.ARM.Collect$$libinit$$0000002A)
    __rt_lib_init_argv_1                     0x1000017f   Thumb Code     0  libinit2.o(.ARM.Collect$$libinit$$00000028)
    __rt_lib_init_atexit_1                   0x1000017f   Thumb Code     0  libinit2.o(.ARM.Collect$$libinit$$00000017)
    __rt_lib_init_clock_1                    0x1000017f   Thumb Code     0  libinit2.o(.ARM.Collect$$libinit$$0000001D)
    __rt_lib_init_cpp_1                      0x1000017f   Thumb Code     0  libinit2.o(.ARM.Collect$$libinit$$0000002E)
    __rt_lib_init_exceptions_1               0x1000017f   Thumb Code     0  libinit2.o(.ARM.Collect$$libinit$$0000002C)
    __rt_lib_init_fp_trap_1                  0x1000017f   Thumb Code     0  libinit2.o(.ARM.Collect$$libinit$$0000001B)
    __rt_lib_init_getenv_1                   0x1000017f   Thumb Code     0  libinit2.o(.ARM.Collect$$libinit$$0000001F)
    __rt_lib_init_heap_1                     0x1000017f   Thumb Code     0  libinit2.o(.ARM.Collect$$libinit$$00000006)
    __rt_lib_init_lc_collate_1               0x1000017f   Thumb Code     0  libinit2.o(.ARM.Collect$$libinit$$0000000D)
    __rt_lib_init_lc_ctype_1                 0x1000017f   Thumb Code     0  libinit2.o(.ARM.Collect$$libinit$$0000000F)
    __rt_lib_init_lc_monetary_1              0x1000017f   Thumb Code     0  libinit2.o(.ARM.Collect$$libinit$$00000011)
    __rt_lib_init_lc_numeric_1               0x1000017f   Thumb Code     0  libinit2.o(.ARM.Collect$$libinit$$00000013)
    __rt_lib_init_lc_time_1                  0x1000017f   Thumb Code     0  libinit2.o(.ARM.Collect$$libinit$$00000015)
    __rt_lib_init_rand_1                     0x1000017f   Thumb Code     0  libinit2.o(.ARM.Collect$$libinit$$0000000A)
    __rt_lib_init_return                     0x1000017f   Thumb Code     0  libinit2.o(.ARM.Collect$$libinit$$0000002F)
    __rt_lib_init_signal_1                   0x1000017f   Thumb Code     0  libinit2.o(.ARM.Collect$$libinit$$00000019)
    __rt_lib_init_stdio_1                    0x1000017f   Thumb Code     0  libinit2.o(.ARM.Collect$$libinit$$00000021)
    __rt_lib_init_user_alloc_1               0x1000017f   Thumb Code     0  libinit2.o(.ARM.Collect$$libinit$$00000008)
    __rt_lib_shutdown                        0x10000181   Thumb Code     0  libshutdown.o(.ARM.Collect$$libshutdown$$00000000)
    __rt_lib_shutdown_fp_trap_1              0x10000183   Thumb Code     0  libshutdown2.o(.ARM.Collect$$libshutdown$$00000006)
    __rt_lib_shutdown_heap_1                 0x10000183   Thumb Code     0  libshutdown2.o(.ARM.Collect$$libshutdown$$0000000E)
    __rt_lib_shutdown_return                 0x10000183   Thumb Code     0  libshutdown2.o(.ARM.Collect$$libshutdown$$0000000F)
    __rt_lib_shutdown_signal_1               0x10000183   Thumb Code     0  libshutdown2.o(.ARM.Collect$$libshutdown$$00000009)
    __rt_lib_shutdown_stdio_1                0x10000183   Thumb Code     0  libshutdown2.o(.ARM.Collect$$libshutdown$$00000003)
    __rt_lib_shutdown_user_alloc_1           0x10000183   Thumb Code     0  libshutdown2.o(.ARM.Collect$$libshutdown$$0000000B)
    __rt_entry                               0x10000185   Thumb Code     0  rtentry.o(.ARM.Collect$$rtentry$$00000000)
    __rt_entry_presh_1                       0x10000185   Thumb Code     0  rtentry2.o(.ARM.Collect$$rtentry$$00000002)
    __rt_entry_sh                            0x10000185   Thumb Code     0  rtentry4.o(.ARM.Collect$$rtentry$$00000004)
    __rt_entry_li                            0x1000018b   Thumb Code     0  rtentry2.o(.ARM.Collect$$rtentry$$0000000A)
    __rt_entry_postsh_1                      0x1000018b   Thumb Code     0  rtentry2.o(.ARM.Collect$$rtentry$$00000009)
    __rt_entry_main                          0x1000018f   Thumb Code     0  rtentry2.o(.ARM.Collect$$rtentry$$0000000D)
    __rt_entry_postli_1                      0x1000018f   Thumb Code     0  rtentry2.o(.ARM.Collect$$rtentry$$0000000C)
    __rt_exit                                0x10000197   Thumb Code     0  rtexit.o(.ARM.Collect$$rtexit$$00000000)
    __rt_exit_ls                             0x10000197   Thumb Code     0  rtexit2.o(.ARM.Collect$$rtexit$$00000003)
    __rt_exit_prels_1                        0x10000197   Thumb Code     0  rtexit2.o(.ARM.Collect$$rtexit$$00000002)
    __rt_exit_exit                           0x1000019b   Thumb Code     0  rtexit2.o(.ARM.Collect$$rtexit$$00000004)
    Reset_Handler                            0x100001a1   Thumb Code     4  startup_lpc17xx.o(.text)
    NMI_Handler                              0x100001a5   Thumb Code     2  startup_lpc17xx.o(.text)
    HardFault_Handler                        0x100001a7   Thumb Code     2  startup_lpc17xx.o(.text)
    MemManage_Handler                        0x100001a9   Thumb Code     2  startup_lpc17xx.o(.text)
    BusFault_Handler                         0x100001ab   Thumb Code     2  startup_lpc17xx.o(.text)
    UsageFault_Handler                       0x100001ad   Thumb Code     2  startup_lpc17xx.o(.text)
    SVC_Handler                              0x100001af   Thumb Code     2  startup_lpc17xx.o(.text)
    DebugMon_Handler                         0x100001b1   Thumb Code     2  startup_lpc17xx.o(.text)
    PendSV_Handler                           0x100001b3   Thumb Code     2  startup_lpc17xx.o(.text)
    SysTick_Handler                          0x100001b5   Thumb Code     2  startup_lpc17xx.o(.text)
    ADC_IRQHandler                           0x100001b7   Thumb Code     0  startup_lpc17xx.o(.text)
    BOD_IRQHandler                           0x100001b7   Thumb Code     0  startup_lpc17xx.o(.text)
    CAN_IRQHandler                           0x100001b7   Thumb Code     0  startup_lpc17xx.o(.text)
    EINT0_IRQHandler                         0x100001b7   Thumb Code     0  startup_lpc17xx.o(.text)
    EINT1_IRQHandler                         0x100001b7   Thumb Code     0  startup_lpc17xx.o(.text)
    EINT2_IRQHandler                         0x100001b7   Thumb Code     0  startup_lpc17xx.o(.text)
    EINT3_IRQHandler                         0x100001b7   Thumb Code     0  startup_lpc17xx.o(.text)
    ENET_IRQHandler                          0x100001b7   Thumb Code     0  startup_lpc17xx.o(.text)
    I2C0_IRQHandler                          0x100001b7   Thumb Code     0  startup_lpc17xx.o(.text)
    I2C1_IRQHandler                          0x100001b7   Thumb Code     0  startup_lpc17xx.o(.text)
    I2C2_IRQHandler                          0x100001b7   Thumb Code     0  startup_lpc17xx.o(.text)
    I2S_IRQHandler                           0x100001b7   Thumb Code     0  startup_lpc17xx.o(.text)
    MCPWM_IRQHandler                         0x100001b7   Thumb Code     0  startup_lpc17xx.o(.text)
    PLL0_IRQHandler                          0x100001b7   Thumb Code     0  startup_lpc17xx.o(.text)
    PLL1_IRQHandler                          0x100001b7   Thumb Code     0  startup_lpc17xx.o(.text)
    PWM1_IRQHandler                          0x100001b7   Thumb Code     0  startup_lpc17xx.o(.text)
    QEI_IRQHandler                           0x100001b7   Thumb Code     0  startup_lpc17xx.o(.text)
    RIT_IRQHandler                           0x100001b7   Thumb Code     0  startup_lpc17xx.o(.text)
    RTC_IRQHandler                           0x100001b7   Thumb Code     0  startup_lpc17xx.o(.text)
    SPI_IRQHandler                           0x100001b7   Thumb Code     0  startup_lpc17xx.o(.text)
    SSP0_IRQHandler                          0x100001b7   Thumb Code     0  startup_lpc17xx.o(.text)
    SSP1_IRQHandler                          0x100001b7   Thumb Code     0  startup_lpc17xx.o(.text)
    TIMER0_IRQHandler                        0x100001b7   Thumb Code     0  startup_lpc17xx.o(.text)
    TIMER1_IRQHandler                        0x100001b7   Thumb Code     0  startup_lpc17xx.o(.text)
    TIMER2_IRQHandler                        0x100001b7   Thumb Code     0  startup_lpc17xx.o(.text)
    TIMER3_IRQHandler                        0x100001b7   Thumb Code     0  startup_lpc17xx.o(.text)
    UART0_IRQHandler                         0x100001b7   Thumb Code     0  startup_lpc17xx.o(.text)
    UART1_IRQHandler                         0x100001b7   Thumb Code     0  startup_lpc17xx.o(.text)
    UART2_IRQHandler                         0x100001b7   Thumb Code     0  startup_lpc17xx.o(.text)
    UART3_IRQHandler                         0x100001b7   Thumb Code     0  startup_lpc17xx.o(.text)
    USB_IRQHandler                           0x100001b7   Thumb Code     0  startup_lpc17xx.o(.text)
    WDT_IRQHandler                           0x100001b7   Thumb Code     0  startup_lpc17xx.o(.text)
    __user_initial_stackheap                 0x100001b9   Thumb Code     0  startup_lpc17xx.o(.text)
    SystemInit                               0x100001d5   Thumb Code   510  system_lpc17xx.o(.text)
    DMA_IRQHandler                           0x100003ed   Thumb Code    54  main.o(.text)
    DMA_Init                                 0x10000423   Thumb Code   102  main.o(.text)
    SSP1_Init                                0x10000489   Thumb Code   142  main.o(.text)
    SSP0_Init                                0x10000517   Thumb Code    74  main.o(.text)
    main                                     0x10000561   Thumb Code   280  main.o(.text)
    SSP0_write                               0x10000679   Thumb Code   206  main.o(.text)
    ssp0_recieve                             0x10000747   Thumb Code    66  main.o(.text)
    __use_two_region_memory                  0x100007dd   Thumb Code     2  heapauxi.o(.text)
    __rt_heap_escrow$2region                 0x100007df   Thumb Code     2  heapauxi.o(.text)
    __rt_heap_expand$2region                 0x100007e1   Thumb Code     2  heapauxi.o(.text)
    __user_setup_stackheap                   0x100007e3   Thumb Code    74  sys_stackheap_outer.o(.text)
    exit                                     0x1000082d   Thumb Code    12  exit.o(.text)
    __user_libspace                          0x10000839   Thumb Code     8  libspace.o(.text)
    __user_perproc_libspace                  0x10000839   Thumb Code     0  libspace.o(.text)
    __user_perthread_libspace                0x10000839   Thumb Code     0  libspace.o(.text)
    _sys_exit                                0x10000841   Thumb Code    16  sys_exit.o(.text)
    __I$use$semihosting                      0x10000855   Thumb Code     0  use_no_semi.o(.text)
    __use_no_semihosting_swi                 0x10000855   Thumb Code     2  use_no_semi.o(.text)
    __fpl_fcheck_NaN2                        0x10000859   Thumb Code     6  fcheck.o(x$fpl$fcheck)
    __fpl_fcheck_NaN1                        0x10000865   Thumb Code     6  fcheck1.o(x$fpl$fcheck1)
    __aeabi_fdiv                             0x10000871   Thumb Code     0  fdiv.o(x$fpl$fdiv)
    _fdiv                                    0x10000871   Thumb Code   476  fdiv.o(x$fpl$fdiv)
    __fpl_inf_fdiv                           0x10000a15   Thumb Code     0  fdiv.o(x$fpl$fdiv)
    __aeabi_f2uiz                            0x10000a55   Thumb Code     0  ffixu.o(x$fpl$ffixu)
    _ffixu                                   0x10000a55   Thumb Code    82  ffixu.o(x$fpl$ffixu)
    __fpl_inf_ffixu                          0x10000aa1   Thumb Code     0  ffixu.o(x$fpl$ffixu)
    __aeabi_i2f                              0x10000aad   Thumb Code     0  fflt_clz.o(x$fpl$fflt)
    _fflt                                    0x10000aad   Thumb Code    50  fflt_clz.o(x$fpl$fflt)
    __fflt_normalise                         0x10000ab9   Thumb Code     0  fflt_clz.o(x$fpl$fflt)
    __aeabi_ui2f                             0x10000adf   Thumb Code     0  fflt_clz.o(x$fpl$ffltu)
    _ffltu                                   0x10000adf   Thumb Code     8  fflt_clz.o(x$fpl$ffltu)
    __aeabi_fmul                             0x10000ae9   Thumb Code     0  fmul.o(x$fpl$fmul)
    _fmul                                    0x10000ae9   Thumb Code   258  fmul.o(x$fpl$fmul)
    __fpl_inf_fmul                           0x10000bd5   Thumb Code     0  fmul.o(x$fpl$fmul)
    __fpl_normalise2                         0x10000bf1   Thumb Code    74  fnorm2_clz.o(x$fpl$fnorm2)
    __funder                                 0x10000c3b   Thumb Code   132  funder.o(x$fpl$funder)
    __funder_d                               0x10000cbf   Thumb Code     2  funder.o(x$fpl$funder)
    __fpl_return_NaN                         0x10000cc1   Thumb Code   100  retnan.o(x$fpl$retnan)
    __fpl_cmpreturn                          0x10000d25   Thumb Code    48  trapv.o(x$fpl$trapveneer)
    Region$$Table$$Base                      0x10000d54   Number         0  anon$$obj.o(Region$$Table)
    __I$use$fp                               0x10000d55   Thumb Code     0  usenofp.o(x$fpl$usenofp)
    Region$$Table$$Limit                     0x10000d74   Number         0  anon$$obj.o(Region$$Table)
    SystemFrequency                          0x10004000   Data           4  system_lpc17xx.o(.data)
    DMATCCount                               0x10004004   Data           4  main.o(.data)
    DMAErrCount                              0x10004008   Data           4  main.o(.data)
    auchCRCHi                                0x1000400c   Data         256  main.o(.data)
    auchCRCLo                                0x1000410c   Data         256  main.o(.data)
    seadd                                    0x1000420c   Data           1  main.o(.data)
    readd                                    0x1000420d   Data           1  main.o(.data)
    redata                                   0x10004210   Data           4  main.o(.data)
    sedata                                   0x10004214   Data           4  main.o(.data)
    num                                      0x10004218   Data           4  main.o(.data)
    a                                        0x1000421c   Data           4  main.o(.data)
    b                                        0x10004220   Data           4  main.o(.data)
    c                                        0x10004224   Data           4  main.o(.data)
    puchMsgg                                 0x10004228   Data           4  main.o(.data)
    usDataLen                                0x1000422c   Data           2  main.o(.data)
    pclock                                   0x10004230   Data           4  main.o(.data)
    data1                                    0x10004234   Data         200  main.o(.bss)
    __libspace_start                         0x100042fc   Data          96  libspace.o(.bss)
    __temporary_stack_top$libspace           0x1000435c   Data           0  libspace.o(.bss)



==============================================================================

Memory Map of the image

  Image Entry point : 0x100000c5

  Load Region LR_IROM1 (Base: 0x10000000, Size: 0x00000fa8, Max: 0x00004000, ABSOLUTE, COMPRESSED[0x00000ea0])

    Execution Region ER_IROM1 (Base: 0x10000000, Size: 0x00000d74, Max: 0x00004000, ABSOLUTE)

    Base Addr    Size         Type   Attr      Idx    E Section Name        Object

    0x10000000   0x000000c4   Data   RO            3    RESET               startup_lpc17xx.o
    0x100000c4   0x00000008   Code   RO           90  * !!!main             __main.o(c_w.l)
    0x100000cc   0x00000034   Code   RO          276    !!!scatter          __scatter.o(c_w.l)
    0x10000100   0x0000005a   Code   RO          274    !!dczerorl2         __dczerorl2.o(c_w.l)
    0x1000015a   0x00000002   PAD
    0x1000015c   0x0000001c   Code   RO          278    !!handler_zi        __scatter_zi.o(c_w.l)
    0x10000178   0x00000006   Code   RO          147    .ARM.Collect$$libinit$$00000000  libinit.o(c_w.l)
    0x1000017e   0x00000000   Code   RO          157    .ARM.Collect$$libinit$$00000006  libinit2.o(c_w.l)
    0x1000017e   0x00000000   Code   RO          159    .ARM.Collect$$libinit$$00000008  libinit2.o(c_w.l)
    0x1000017e   0x00000000   Code   RO          161    .ARM.Collect$$libinit$$0000000A  libinit2.o(c_w.l)
    0x1000017e   0x00000000   Code   RO          164    .ARM.Collect$$libinit$$0000000D  libinit2.o(c_w.l)
    0x1000017e   0x00000000   Code   RO          166    .ARM.Collect$$libinit$$0000000F  libinit2.o(c_w.l)
    0x1000017e   0x00000000   Code   RO          168    .ARM.Collect$$libinit$$00000011  libinit2.o(c_w.l)
    0x1000017e   0x00000000   Code   RO          170    .ARM.Collect$$libinit$$00000013  libinit2.o(c_w.l)
    0x1000017e   0x00000000   Code   RO          172    .ARM.Collect$$libinit$$00000015  libinit2.o(c_w.l)
    0x1000017e   0x00000000   Code   RO          174    .ARM.Collect$$libinit$$00000017  libinit2.o(c_w.l)
    0x1000017e   0x00000000   Code   RO          176    .ARM.Collect$$libinit$$00000019  libinit2.o(c_w.l)
    0x1000017e   0x00000000   Code   RO          178    .ARM.Collect$$libinit$$0000001B  libinit2.o(c_w.l)
    0x1000017e   0x00000000   Code   RO          180    .ARM.Collect$$libinit$$0000001D  libinit2.o(c_w.l)
    0x1000017e   0x00000000   Code   RO          182    .ARM.Collect$$libinit$$0000001F  libinit2.o(c_w.l)
    0x1000017e   0x00000000   Code   RO          184    .ARM.Collect$$libinit$$00000021  libinit2.o(c_w.l)
    0x1000017e   0x00000000   Code   RO          188    .ARM.Collect$$libinit$$00000028  libinit2.o(c_w.l)
    0x1000017e   0x00000000   Code   RO          190    .ARM.Collect$$libinit$$0000002A  libinit2.o(c_w.l)
    0x1000017e   0x00000000   Code   RO          192    .ARM.Collect$$libinit$$0000002C  libinit2.o(c_w.l)
    0x1000017e   0x00000000   Code   RO          194    .ARM.Collect$$libinit$$0000002E  libinit2.o(c_w.l)
    0x1000017e   0x00000002   Code   RO          195    .ARM.Collect$$libinit$$0000002F  libinit2.o(c_w.l)
    0x10000180   0x00000002   Code   RO          216    .ARM.Collect$$libshutdown$$00000000  libshutdown.o(c_w.l)
    0x10000182   0x00000000   Code   RO          229    .ARM.Collect$$libshutdown$$00000003  libshutdown2.o(c_w.l)
    0x10000182   0x00000000   Code   RO          232    .ARM.Collect$$libshutdown$$00000006  libshutdown2.o(c_w.l)
    0x10000182   0x00000000   Code   RO          235    .ARM.Collect$$libshutdown$$00000009  libshutdown2.o(c_w.l)
    0x10000182   0x00000000   Code   RO          237    .ARM.Collect$$libshutdown$$0000000B  libshutdown2.o(c_w.l)
    0x10000182   0x00000000   Code   RO          240    .ARM.Collect$$libshutdown$$0000000E  libshutdown2.o(c_w.l)
    0x10000182   0x00000002   Code   RO          241    .ARM.Collect$$libshutdown$$0000000F  libshutdown2.o(c_w.l)
    0x10000184   0x00000000   Code   RO          106    .ARM.Collect$$rtentry$$00000000  rtentry.o(c_w.l)
    0x10000184   0x00000000   Code   RO          118    .ARM.Collect$$rtentry$$00000002  rtentry2.o(c_w.l)
    0x10000184   0x00000006   Code   RO          133    .ARM.Collect$$rtentry$$00000004  rtentry4.o(c_w.l)
    0x1000018a   0x00000000   Code   RO          120    .ARM.Collect$$rtentry$$00000009  rtentry2.o(c_w.l)
    0x1000018a   0x00000004   Code   RO          121    .ARM.Collect$$rtentry$$0000000A  rtentry2.o(c_w.l)
    0x1000018e   0x00000000   Code   RO          123    .ARM.Collect$$rtentry$$0000000C  rtentry2.o(c_w.l)
    0x1000018e   0x00000008   Code   RO          124    .ARM.Collect$$rtentry$$0000000D  rtentry2.o(c_w.l)
    0x10000196   0x00000000   Code   RO          153    .ARM.Collect$$rtexit$$00000000  rtexit.o(c_w.l)
    0x10000196   0x00000000   Code   RO          199    .ARM.Collect$$rtexit$$00000002  rtexit2.o(c_w.l)
    0x10000196   0x00000004   Code   RO          200    .ARM.Collect$$rtexit$$00000003  rtexit2.o(c_w.l)
    0x1000019a   0x00000004   Code   RO          201    .ARM.Collect$$rtexit$$00000004  rtexit2.o(c_w.l)
    0x1000019e   0x00000002   PAD
    0x100001a0   0x00000034   Code   RO            5    .text               startup_lpc17xx.o
    0x100001d4   0x00000218   Code   RO           13    .text               system_lpc17xx.o
    0x100003ec   0x000003f0   Code   RO           41    .text               main.o
    0x100007dc   0x00000006   Code   RO           88    .text               heapauxi.o(c_w.l)
    0x100007e2   0x0000004a   Code   RO          137    .text               sys_stackheap_outer.o(c_w.l)
    0x1000082c   0x0000000c   Code   RO          139    .text               exit.o(c_w.l)
    0x10000838   0x00000008   Code   RO          150    .text               libspace.o(c_w.l)
    0x10000840   0x00000014   Code   RO          208    .text               sys_exit.o(c_w.l)
    0x10000854   0x00000002   Code   RO          219    .text               use_no_semi.o(c_w.l)
    0x10000856   0x00000002   PAD
    0x10000858   0x0000000c   Code   RO          108    x$fpl$fcheck        fcheck.o(fz_ws.l)
    0x10000864   0x0000000c   Code   RO          110    x$fpl$fcheck1       fcheck1.o(fz_ws.l)
    0x10000870   0x000001e4   Code   RO           93    x$fpl$fdiv          fdiv.o(fz_ws.l)
    0x10000a54   0x00000058   Code   RO           96    x$fpl$ffixu         ffixu.o(fz_ws.l)
    0x10000aac   0x00000032   Code   RO          101    x$fpl$fflt          fflt_clz.o(fz_ws.l)
    0x10000ade   0x00000008   Code   RO          100    x$fpl$ffltu         fflt_clz.o(fz_ws.l)
    0x10000ae6   0x00000002   PAD
    0x10000ae8   0x00000108   Code   RO          104    x$fpl$fmul          fmul.o(fz_ws.l)
    0x10000bf0   0x0000004a   Code   RO          112    x$fpl$fnorm2        fnorm2_clz.o(fz_ws.l)
    0x10000c3a   0x00000086   Code   RO          114    x$fpl$funder        funder.o(fz_ws.l)
    0x10000cc0   0x00000064   Code   RO          135    x$fpl$retnan        retnan.o(fz_ws.l)
    0x10000d24   0x00000030   Code   RO          148    x$fpl$trapveneer    trapv.o(fz_ws.l)
    0x10000d54   0x00000000   Code   RO          116    x$fpl$usenofp       usenofp.o(fz_ws.l)
    0x10000d54   0x00000020   Data   RO          272    Region$$Table       anon$$obj.o


    Execution Region RW_IRAM1 (Base: 0x10004000, Size: 0x00000b60, Max: 0x00004000, ABSOLUTE, COMPRESSED[0x0000012c])

    Base Addr    Size         Type   Attr      Idx    E Section Name        Object

    0x10004000   0x00000004   Data   RW           14    .data               system_lpc17xx.o
    0x10004004   0x00000230   Data   RW           43    .data               main.o
    0x10004234   0x000000c8   Zero   RW           42    .bss                main.o
    0x100042fc   0x00000060   Zero   RW          151    .bss                libspace.o(c_w.l)
    0x1000435c   0x00000004   PAD
    0x10004360   0x00000000   Zero   RW            2    HEAP                startup_lpc17xx.o
    0x10004360   0x00000800   Zero   RW            1    STACK               startup_lpc17xx.o



  Load Region LR$$.ARM.__at_0x02FC (Base: 0x000002fc, Size: 0x00000004, Max: 0x00000004, ABSOLUTE)

    Execution Region ER$$.ARM.__at_0x02FC (Base: 0x000002fc, Size: 0x00000004, Max: 0x00000004, ABSOLUTE, UNINIT)

    Base Addr    Size         Type   Attr      Idx    E Section Name        Object

    0x000002fc   0x00000004   Code   RO            4    .ARM.__at_0x02FC    startup_lpc17xx.o


==============================================================================

Image component sizes


      Code (inc. data)   RO Data    RW Data    ZI Data      Debug   Object Name

      1008         84          0        560        200      24504   main.o
        56         22        196          0       2048        600   startup_lpc17xx.o
       536         26          0          4          0       4979   system_lpc17xx.o

    ----------------------------------------------------------------------
      1600        132        228        564       2248      30083   Object Totals
         0          0         32          0          0          0   (incl. Generated)
         0          0          0          0          0          3   (incl. Padding)

    ----------------------------------------------------------------------

      Code (inc. data)   RO Data    RW Data    ZI Data      Debug   Library Member Name

        90          0          0          0          0          0   __dczerorl2.o
         8          0          0          0          0         68   __main.o
        52          8          0          0          0          0   __scatter.o
        28          0          0          0          0          0   __scatter_zi.o
        12          0          0          0          0         68   exit.o
        12          6          0          0          0         68   fcheck.o
        12          6          0          0          0         68   fcheck1.o
       484         76          0          0          0         76   fdiv.o
        88          6          0          0          0         68   ffixu.o
        58          0          0          0          0        136   fflt_clz.o
       264          6          0          0          0         68   fmul.o
        74          0          0          0          0         84   fnorm2_clz.o
       134          0          0          0          0         84   funder.o
         6          0          0          0          0        148   heapauxi.o
         6          0          0          0          0          0   libinit.o
         2          0          0          0          0          0   libinit2.o
         2          0          0          0          0          0   libshutdown.o
         2          0          0          0          0          0   libshutdown2.o
         8          4          0          0         96         68   libspace.o
       100          0          0          0          0         68   retnan.o
         0          0          0          0          0          0   rtentry.o
        12          0          0          0          0          0   rtentry2.o
         6          0          0          0          0          0   rtentry4.o
         0          0          0          0          0          0   rtexit.o
         8          0          0          0          0          0   rtexit2.o
        20         10          0          0          0         68   sys_exit.o
        74          0          0          0          0         80   sys_stackheap_outer.o
        48          0          0          0          0         68   trapv.o
         2          0          0          0          0         68   use_no_semi.o
         0          0          0          0          0          0   usenofp.o

    ----------------------------------------------------------------------
      1620        122          0          0        100       1356   Library Totals
         8          0          0          0          4          0   (incl. Padding)

    ----------------------------------------------------------------------

      Code (inc. data)   RO Data    RW Data    ZI Data      Debug   Library Name

       338         22          0          0         96        568   c_w.l
      1274        100          0          0          0        788   fz_ws.l

    ----------------------------------------------------------------------
      1620        122          0          0        100       1356   Library Totals

    ----------------------------------------------------------------------

==============================================================================


      Code (inc. data)   RO Data    RW Data    ZI Data      Debug   

      3220        254        228        564       2348      30492   Grand Totals
      3220        254        228        300       2348      30492   ELF Image Totals (compressed)
      3220        254        228        300          0          0   ROM Totals

==============================================================================

    Total RO  Size (Code + RO Data)                 3448 (   3.37kB)
    Total RW  Size (RW Data + ZI Data)              2912 (   2.84kB)
    Total ROM Size (Code + RO Data + RW Data)       3748 (   3.66kB)

==============================================================================

